Archive member included to satisfy reference by file (symbol)

C:/Users/ESLAM/AppData/Roaming/xPacks/@xpack-dev-tools/arm-none-eabi-gcc/13.2.1-1.1.1/.content/bin/../lib/gcc/arm-none-eabi/13.2.1/thumb/v7e-m+fp/softfp\libgcc.a(_aeabi_uldivmod.o)
                              ./system/src/stm32f4-hal/stm32f4xx_hal_rcc.o (__aeabi_uldivmod)
C:/Users/ESLAM/AppData/Roaming/xPacks/@xpack-dev-tools/arm-none-eabi-gcc/13.2.1-1.1.1/.content/bin/../lib/gcc/arm-none-eabi/13.2.1/thumb/v7e-m+fp/softfp\libgcc.a(_udivmoddi4.o)
                              C:/Users/ESLAM/AppData/Roaming/xPacks/@xpack-dev-tools/arm-none-eabi-gcc/13.2.1-1.1.1/.content/bin/../lib/gcc/arm-none-eabi/13.2.1/thumb/v7e-m+fp/softfp\libgcc.a(_aeabi_uldivmod.o) (__udivmoddi4)
C:/Users/ESLAM/AppData/Roaming/xPacks/@xpack-dev-tools/arm-none-eabi-gcc/13.2.1-1.1.1/.content/bin/../lib/gcc/arm-none-eabi/13.2.1/thumb/v7e-m+fp/softfp\libgcc.a(_dvmd_tls.o)
                              C:/Users/ESLAM/AppData/Roaming/xPacks/@xpack-dev-tools/arm-none-eabi-gcc/13.2.1-1.1.1/.content/bin/../lib/gcc/arm-none-eabi/13.2.1/thumb/v7e-m+fp/softfp\libgcc.a(_aeabi_uldivmod.o) (__aeabi_ldiv0)
C:/Users/ESLAM/AppData/Roaming/xPacks/@xpack-dev-tools/arm-none-eabi-gcc/13.2.1-1.1.1/.content/bin/../lib/gcc/arm-none-eabi/13.2.1/../../../../arm-none-eabi/lib/thumb/v7e-m+fp/softfp\libg_nano.a(libc_a-exit.o)
                              ./src/main.o (exit)
C:/Users/ESLAM/AppData/Roaming/xPacks/@xpack-dev-tools/arm-none-eabi-gcc/13.2.1-1.1.1/.content/bin/../lib/gcc/arm-none-eabi/13.2.1/../../../../arm-none-eabi/lib/thumb/v7e-m+fp/softfp\libg_nano.a(libc_a-rand.o)
                              ./src/main.o (srand)
C:/Users/ESLAM/AppData/Roaming/xPacks/@xpack-dev-tools/arm-none-eabi-gcc/13.2.1-1.1.1/.content/bin/../lib/gcc/arm-none-eabi/13.2.1/../../../../arm-none-eabi/lib/thumb/v7e-m+fp/softfp\libg_nano.a(libc_a-ctype_.o)
                              ./system/src/newlib/syscalls.o (_ctype_)
C:/Users/ESLAM/AppData/Roaming/xPacks/@xpack-dev-tools/arm-none-eabi-gcc/13.2.1-1.1.1/.content/bin/../lib/gcc/arm-none-eabi/13.2.1/../../../../arm-none-eabi/lib/thumb/v7e-m+fp/softfp\libg_nano.a(libc_a-findfp.o)
                              C:/Users/ESLAM/AppData/Roaming/xPacks/@xpack-dev-tools/arm-none-eabi-gcc/13.2.1-1.1.1/.content/bin/../lib/gcc/arm-none-eabi/13.2.1/../../../../arm-none-eabi/lib/thumb/v7e-m+fp/softfp\libg_nano.a(libc_a-exit.o) (__stdio_exit_handler)
C:/Users/ESLAM/AppData/Roaming/xPacks/@xpack-dev-tools/arm-none-eabi-gcc/13.2.1-1.1.1/.content/bin/../lib/gcc/arm-none-eabi/13.2.1/../../../../arm-none-eabi/lib/thumb/v7e-m+fp/softfp\libg_nano.a(libc_a-fwalk.o)
                              C:/Users/ESLAM/AppData/Roaming/xPacks/@xpack-dev-tools/arm-none-eabi-gcc/13.2.1-1.1.1/.content/bin/../lib/gcc/arm-none-eabi/13.2.1/../../../../arm-none-eabi/lib/thumb/v7e-m+fp/softfp\libg_nano.a(libc_a-findfp.o) (_fwalk_sglue)
C:/Users/ESLAM/AppData/Roaming/xPacks/@xpack-dev-tools/arm-none-eabi-gcc/13.2.1-1.1.1/.content/bin/../lib/gcc/arm-none-eabi/13.2.1/../../../../arm-none-eabi/lib/thumb/v7e-m+fp/softfp\libg_nano.a(libc_a-snprintf.o)
                              ./src/main.o (snprintf)
C:/Users/ESLAM/AppData/Roaming/xPacks/@xpack-dev-tools/arm-none-eabi-gcc/13.2.1-1.1.1/.content/bin/../lib/gcc/arm-none-eabi/13.2.1/../../../../arm-none-eabi/lib/thumb/v7e-m+fp/softfp\libg_nano.a(libc_a-stdio.o)
                              C:/Users/ESLAM/AppData/Roaming/xPacks/@xpack-dev-tools/arm-none-eabi-gcc/13.2.1-1.1.1/.content/bin/../lib/gcc/arm-none-eabi/13.2.1/../../../../arm-none-eabi/lib/thumb/v7e-m+fp/softfp\libg_nano.a(libc_a-findfp.o) (__sread)
C:/Users/ESLAM/AppData/Roaming/xPacks/@xpack-dev-tools/arm-none-eabi-gcc/13.2.1-1.1.1/.content/bin/../lib/gcc/arm-none-eabi/13.2.1/../../../../arm-none-eabi/lib/thumb/v7e-m+fp/softfp\libg_nano.a(libc_a-vsnprintf.o)
                              ./system/src/diag/trace.o (vsnprintf)
C:/Users/ESLAM/AppData/Roaming/xPacks/@xpack-dev-tools/arm-none-eabi-gcc/13.2.1-1.1.1/.content/bin/../lib/gcc/arm-none-eabi/13.2.1/../../../../arm-none-eabi/lib/thumb/v7e-m+fp/softfp\libg_nano.a(libc_a-memset.o)
                              ./system/src/newlib/syscalls.o (memset)
C:/Users/ESLAM/AppData/Roaming/xPacks/@xpack-dev-tools/arm-none-eabi-gcc/13.2.1-1.1.1/.content/bin/../lib/gcc/arm-none-eabi/13.2.1/../../../../arm-none-eabi/lib/thumb/v7e-m+fp/softfp\libg_nano.a(libc_a-strncpy.o)
                              ./system/src/newlib/syscalls.o (strncpy)
C:/Users/ESLAM/AppData/Roaming/xPacks/@xpack-dev-tools/arm-none-eabi-gcc/13.2.1-1.1.1/.content/bin/../lib/gcc/arm-none-eabi/13.2.1/../../../../arm-none-eabi/lib/thumb/v7e-m+fp/softfp\libg_nano.a(libc_a-time.o)
                              ./src/main.o (time)
C:/Users/ESLAM/AppData/Roaming/xPacks/@xpack-dev-tools/arm-none-eabi-gcc/13.2.1-1.1.1/.content/bin/../lib/gcc/arm-none-eabi/13.2.1/../../../../arm-none-eabi/lib/thumb/v7e-m+fp/softfp\libg_nano.a(libc_a-closer.o)
[...]
Memory Configuration

Name             Origin             Length             Attributes
RAM              0x20000000         0x00020000         xrw
CCMRAM           0x10000000         0x00010000         xrw
FLASH            0x08000000         0x00100000         xr
FLASHB1          0x00000000         0x00000000         xr
EXTMEMB0         0x00000000         0x00000000         xr
EXTMEMB1         0x00000000         0x00000000         xr
EXTMEMB2         0x00000000         0x00000000         xr
EXTMEMB3         0x00000000         0x00000000         xr
MEMORY_ARRAY     0x20002000         0x00000020         xrw
*default*        0x00000000         0xffffffff

Linker script and memory map

LOAD ./system/src/stm32f4-hal/stm32f4xx_hal.o
LOAD ./system/src/stm32f4-hal/stm32f4xx_hal_cortex.o
LOAD ./system/src/stm32f4-hal/stm32f4xx_hal_flash.o
LOAD ./system/src/stm32f4-hal/stm32f4xx_hal_flash_ex.o
LOAD ./system/src/stm32f4-hal/stm32f4xx_hal_flash_ramfunc.o
LOAD ./system/src/stm32f4-hal/stm32f4xx_hal_gpio.o
LOAD ./system/src/stm32f4-hal/stm32f4xx_hal_iwdg.o
LOAD ./system/src/stm32f4-hal/stm32f4xx_hal_pwr.o
LOAD ./system/src/stm32f4-hal/stm32f4xx_hal_rcc.o
LOAD ./system/src/newlib/assert.o
LOAD ./system/src/newlib/cxx.o
LOAD ./system/src/newlib/exit.o
LOAD ./system/src/newlib/sbrk.o
LOAD ./system/src/newlib/startup.o
LOAD ./system/src/newlib/syscalls.o
LOAD ./system/src/diag/trace-impl.o
LOAD ./system/src/diag/trace.o
LOAD ./system/src/cortexm/exception-handlers.o
LOAD ./system/src/cortexm/initialize-hardware.o
LOAD ./system/src/cortexm/reset-hardware.o
LOAD ./system/src/cmsis/system_stm32f4xx.o
LOAD ./system/src/cmsis/vectors_stm32f407xx.o
LOAD ./src/initialize-hardware.o
LOAD ./src/led.o
LOAD ./src/main.o
LOAD ./src/stm32f4xx_hal_msp.o
LOAD ./src/write.o
LOAD ./FreeRTOS Source/portable/MemMang/heap_4.o
LOAD ./FreeRTOS Source/portable/GCC/ARM_CM4F/port.o
LOAD ./FreeRTOS Source/croutine.o
LOAD ./FreeRTOS Source/event_groups.o
LOAD ./FreeRTOS Source/list.o
LOAD ./FreeRTOS Source/queue.o
LOAD ./FreeRTOS Source/tasks.o
LOAD ./FreeRTOS Source/timers.o
LOAD C:/Users/ESLAM/AppData/Roaming/xPacks/@xpack-dev-tools/arm-none-eabi-gcc/13.2.1-1.1.1/.content/bin/../lib/gcc/arm-none-eabi/13.2.1/../../../../arm-none-eabi/lib/thumb/v7e-m+fp/softfp\libstdc++_nano.a
LOAD C:/Users/ESLAM/AppData/Roaming/xPacks/@xpack-dev-tools/arm-none-eabi-gcc/13.2.1-1.1.1/.content/bin/../lib/gcc/arm-none-eabi/13.2.1/../../../../arm-none-eabi/lib/thumb/v7e-m+fp/softfp\libm.a
START GROUP
LOAD C:/Users/ESLAM/AppData/Roaming/xPacks/@xpack-dev-tools/arm-none-eabi-gcc/13.2.1-1.1.1/.content/bin/../lib/gcc/arm-none-eabi/13.2.1/thumb/v7e-m+fp/softfp\libgcc.a
LOAD C:/Users/ESLAM/AppData/Roaming/xPacks/@xpack-dev-tools/arm-none-eabi-gcc/13.2.1-1.1.1/.content/bin/../lib/gcc/arm-none-eabi/13.2.1/../../../../arm-none-eabi/lib/thumb/v7e-m+fp/softfp\libg_nano.a
LOAD C:/Users/ESLAM/AppData/Roaming/xPacks/@xpack-dev-tools/arm-none-eabi-gcc/13.2.1-1.1.1/.content/bin/../lib/gcc/arm-none-eabi/13.2.1/../../../../arm-none-eabi/lib/thumb/v7e-m+fp/softfp\libc_nano.a
END GROUP
START GROUP
LOAD C:/Users/ESLAM/AppData/Roaming/xPacks/@xpack-dev-tools/arm-none-eabi-gcc/13.2.1-1.1.1/.content/bin/../lib/gcc/arm-none-eabi/13.2.1/thumb/v7e-m+fp/softfp\libgcc.a
LOAD C:/Users/ESLAM/AppData/Roaming/xPacks/@xpack-dev-tools/arm-none-eabi-gcc/13.2.1-1.1.1/.content/bin/../lib/gcc/arm-none-eabi/13.2.1/../../../../arm-none-eabi/lib/thumb/v7e-m+fp/softfp\libc_nano.a
END GROUP
                0x20020000                        __stack = (ORIGIN (RAM) + LENGTH (RAM))
                0x20020000                        _estack = __stack
                0x00000400                        __Main_Stack_Size = 0x400
                [!provide]                        PROVIDE (_Main_Stack_Size = __Main_Stack_Size)
                0x2001fc00                        __Main_Stack_Limit = (__stack - __Main_Stack_Size)
                [!provide]                        PROVIDE (_Main_Stack_Limit = __Main_Stack_Limit)
                0x00000100                        _Minimum_Stack_Size = 0x100
                0x200131cc                        PROVIDE (_Heap_Begin = _end_noinit)
                0x2001fc00                        PROVIDE (_Heap_Limit = (__stack - __Main_Stack_Size))

.isr_vector     0x08000000      0x3e8
 FILL mask 0xff
                0x08000000                        __vectors_start = ABSOLUTE (.)
                0x08000000                        __vectors_start__ = ABSOLUTE (.)
 *(.isr_vector)
 .isr_vector    0x08000000      0x188 ./system/src/cmsis/vectors_stm32f407xx.o
                0x08000000                __isr_vectors
 *(.cfmconfig)
 *(.after_vectors .after_vectors.*)
 .after_vectors
                0x08000188      0x130 ./system/src/newlib/startup.o
                0x08000188                _start
 .after_vectors
                0x080002b8      0x12c ./system/src/cortexm/exception-handlers.o
                0x080002b8                Reset_Handler
                0x080002be                NMI_Handler
                0x080002c2                HardFault_Handler
                0x080002d6                HardFault_Handler_C
                0x08000334                MemManage_Handler
                0x08000338                BusFault_Handler
                0x0800034c                BusFault_Handler_C
                0x08000380                UsageFault_Handler
                0x08000394                UsageFault_Handler_C
                0x080003cc                DebugMon_Handler
 .after_vectors
                0x080003e4        0x4 ./system/src/cmsis/vectors_stm32f407xx.o
                0x080003e4                RTC_Alarm_IRQHandler
                0x080003e4                HASH_RNG_IRQHandler
                0x080003e4                EXTI2_IRQHandler
                0x080003e4                TIM8_CC_IRQHandler
                0x080003e4                TIM1_CC_IRQHandler
                0x080003e4                DMA2_Stream5_IRQHandler
                0x080003e4                DMA1_Stream5_IRQHandler
                0x080003e4                PVD_IRQHandler
                0x080003e4                SDIO_IRQHandler
                0x080003e4                TAMP_STAMP_IRQHandler
                0x080003e4                CAN2_RX1_IRQHandler
                0x080003e4                EXTI3_IRQHandler
                0x080003e4                TIM8_TRG_COM_TIM14_IRQHandler
                0x080003e4                TIM1_UP_TIM10_IRQHandler
                0x080003e4                TIM8_UP_TIM13_IRQHandler
                0x080003e4                I2C3_ER_IRQHandler
                0x080003e4                EXTI0_IRQHandler
                0x080003e4                I2C2_EV_IRQHandler
                0x080003e4                DMA1_Stream2_IRQHandler
                0x080003e4                CAN1_RX0_IRQHandler
                0x080003e4                FPU_IRQHandler
                0x080003e4                OTG_HS_WKUP_IRQHandler
                0x080003e4                CAN2_SCE_IRQHandler
                0x080003e4                DMA2_Stream2_IRQHandler
                0x080003e4                SPI1_IRQHandler
                0x080003e4                TIM6_DAC_IRQHandler
                0x080003e4                TIM1_BRK_TIM9_IRQHandler
                0x080003e4                DCMI_IRQHandler
                0x080003e4                CAN2_RX0_IRQHandler
                0x080003e4                DMA2_Stream3_IRQHandler
                0x080003e4                USART6_IRQHandler
                0x080003e4                USART3_IRQHandler
                0x080003e4                CAN1_RX1_IRQHandler
                0x080003e4                UART5_IRQHandler
                0x080003e4                DMA2_Stream0_IRQHandler
                0x080003e4                TIM4_IRQHandler
                0x080003e4                I2C1_EV_IRQHandler
                0x080003e4                DMA1_Stream6_IRQHandler
                0x080003e4                DMA1_Stream1_IRQHandler
                0x080003e4                UART4_IRQHandler
                0x080003e4                TIM3_IRQHandler
                0x080003e4                RCC_IRQHandler
                0x080003e4                TIM8_BRK_TIM12_IRQHandler
                0x080003e4                Default_Handler
                0x080003e4                EXTI15_10_IRQHandler
                0x080003e4                ADC_IRQHandler
                0x080003e4                DMA1_Stream7_IRQHandler
                0x080003e4                TIM7_IRQHandler
                0x080003e4                CAN2_TX_IRQHandler
                0x080003e4                TIM5_IRQHandler
                0x080003e4                DMA2_Stream7_IRQHandler
                0x080003e4                I2C3_EV_IRQHandler
                0x080003e4                EXTI9_5_IRQHandler
                0x080003e4                RTC_WKUP_IRQHandler
                0x080003e4                ETH_WKUP_IRQHandler
                0x080003e4                SPI2_IRQHandler
                0x080003e4                OTG_HS_EP1_IN_IRQHandler
                0x080003e4                DMA1_Stream0_IRQHandler
                0x080003e4                CAN1_TX_IRQHandler
                0x080003e4                EXTI4_IRQHandler
                0x080003e4                ETH_IRQHandler
                0x080003e4                OTG_HS_EP1_OUT_IRQHandler
                0x080003e4                WWDG_IRQHandler
                0x080003e4                TIM2_IRQHandler
                0x080003e4                OTG_FS_WKUP_IRQHandler
                0x080003e4                TIM1_TRG_COM_TIM11_IRQHandler
                0x080003e4                OTG_HS_IRQHandler
                0x080003e4                EXTI1_IRQHandler
                0x080003e4                USART2_IRQHandler
                0x080003e4                I2C2_ER_IRQHandler
                0x080003e4                DMA2_Stream1_IRQHandler
                0x080003e4                CAN1_SCE_IRQHandler
                0x080003e4                FLASH_IRQHandler
                0x080003e4                DMA2_Stream4_IRQHandler
                0x080003e4                USART1_IRQHandler
                0x080003e4                OTG_FS_IRQHandler
                0x080003e4                SPI3_IRQHandler
                0x080003e4                DMA1_Stream4_IRQHandler
                0x080003e4                I2C1_ER_IRQHandler
                0x080003e4                FMC_IRQHandler
                0x080003e4                DMA2_Stream6_IRQHandler
                0x080003e4                DMA1_Stream3_IRQHandler

.inits          0x080003e8       0x28
                0x080003e8                        __data_regions_array_start = .
                0x080003e8        0x4 LONG 0x8004d64 LOADADDR (.data)
                0x080003ec        0x4 LONG 0x20000000 ADDR (.data)
                0x080003f0        0x4 LONG 0x20000068 (ADDR (.data) + SIZEOF (.data))
                0x080003f4        0x4 LONG 0x8004d64 LOADADDR (.data_CCMRAM)
                0x080003f8        0x4 LONG 0x10000000 ADDR (.data_CCMRAM)
                0x080003fc        0x4 LONG 0x10000000 (ADDR (.data_CCMRAM) + SIZEOF (.data_CCMRAM))
                0x08000400                        __data_regions_array_end = .
                0x08000400                        __bss_regions_array_start = .
                0x08000400        0x4 LONG 0x20000068 ADDR (.bss)
                0x08000404        0x4 LONG 0x200131cc (ADDR (.bss) + SIZEOF (.bss))
                0x08000408        0x4 LONG 0x10000000 ADDR (.bss_CCMRAM)
                0x0800040c        0x4 LONG 0x10000000 (ADDR (.bss_CCMRAM) + SIZEOF (.bss_CCMRAM))
                0x08000410                        __bss_regions_array_end = .
 *(.init)
 *(.fini)
                0x08000410                        . = ALIGN (0x4)
                0x08000410                        PROVIDE (__preinit_array_start = .)
 *(.preinit_array_sysinit .preinit_array_sysinit.*)
 *(.preinit_array_platform .preinit_array_platform.*)
 *(.preinit_array .preinit_array.*)
                0x08000410                        PROVIDE (__preinit_array_end = .)
                0x08000410                        . = ALIGN (0x4)
                0x08000410                        PROVIDE (__init_array_start = .)
 *(SORT_BY_NAME(.init_array.*))
 *(.init_array)
                0x08000410                        PROVIDE (__init_array_end = .)
                0x08000410                        . = ALIGN (0x4)
                0x08000410                        PROVIDE (__fini_array_start = .)
 *(SORT_BY_NAME(.fini_array.*))
 *(.fini_array)
                0x08000410                        PROVIDE (__fini_array_end = .)

.flashtext
 *(.flashtext .flashtext.*)

.text           0x08000410     0x494c
 *(.text .text.*)
 .text.HAL_InitTick
                0x08000410       0x4c ./system/src/stm32f4-hal/stm32f4xx_hal.o
                0x08000410                HAL_InitTick
 .text.HAL_Init
                0x0800045c       0x34 ./system/src/stm32f4-hal/stm32f4xx_hal.o
                0x0800045c                HAL_Init
 .text.HAL_GetTick
                0x08000490        0xc ./system/src/stm32f4-hal/stm32f4xx_hal.o
                0x08000490                HAL_GetTick
 .text.__NVIC_SetPriority
                0x0800049c       0x28 ./system/src/stm32f4-hal/stm32f4xx_hal_cortex.o
 .text.NVIC_EncodePriority
                0x080004c4       0x3e ./system/src/stm32f4-hal/stm32f4xx_hal_cortex.o
 *fill*         0x08000502        0x2 
 .text.HAL_NVIC_SetPriorityGrouping
                0x08000504       0x3c ./system/src/stm32f4-hal/stm32f4xx_hal_cortex.o
                0x08000504                HAL_NVIC_SetPriorityGrouping
 .text.HAL_NVIC_SetPriority
                0x08000540       0x48 ./system/src/stm32f4-hal/stm32f4xx_hal_cortex.o
                0x08000540                HAL_NVIC_SetPriority
 .text.HAL_SYSTICK_Config
                0x08000588       0x28 ./system/src/stm32f4-hal/stm32f4xx_hal_cortex.o
                0x08000588                HAL_SYSTICK_Config
 .text.HAL_SYSTICK_CLKSourceConfig
                0x080005b0       0x34 ./system/src/stm32f4-hal/stm32f4xx_hal_cortex.o
                0x080005b0                HAL_SYSTICK_CLKSourceConfig
 .text.HAL_RCC_OscConfig
                0x080005e4      0x4f0 ./system/src/stm32f4-hal/stm32f4xx_hal_rcc.o
                0x080005e4                HAL_RCC_OscConfig
 .text.HAL_RCC_GetSysClockFreq
                0x08000ad4       0xdc ./system/src/stm32f4-hal/stm32f4xx_hal_rcc.o
                0x08000ad4                HAL_RCC_GetSysClockFreq
 .text.HAL_RCC_ClockConfig
                0x08000bb0      0x224 ./system/src/stm32f4-hal/stm32f4xx_hal_rcc.o
                0x08000bb0                HAL_RCC_ClockConfig
 .text.HAL_RCC_GetHCLKFreq
                0x08000dd4        0xc ./system/src/stm32f4-hal/stm32f4xx_hal_rcc.o
                0x08000dd4                HAL_RCC_GetHCLKFreq
 .text.__assert_func
                0x08000de0       0x34 ./system/src/newlib/assert.o
                0x08000de0                __assert_func
 .text.abort    0x08000e14       0x14 ./system/src/newlib/exit.o
                0x08000e14                abort
 .text._sbrk    0x08000e28       0x44 ./system/src/newlib/sbrk.o
                0x08000e28                _sbrk
 .text._exit    0x08000e6c       0x20 ./system/src/newlib/syscalls.o
                0x08000e6c                _exit
 .text.initialise_monitor_handles
                0x08000e8c       0xa8 ./system/src/newlib/syscalls.o
                0x08000e8c                initialise_monitor_handles
 .text.__initialize_args
                0x08000f34       0xc0 ./system/src/newlib/syscalls.o
                0x08000f34                __initialize_args
 .text._gettimeofday
                0x08000ff4       0x28 ./system/src/newlib/syscalls.o
                0x08000ff4                _gettimeofday
 .text._trace_write_semihosting_debug
                0x0800101c       0x62 ./system/src/diag/trace-impl.o
 .text.trace_write
                0x0800107e        0x8 ./system/src/diag/trace-impl.o
                0x0800107e                trace_write
 *fill*         0x08001086        0x2 
 .text.trace_printf
                0x08001088       0x34 ./system/src/diag/trace.o
                0x08001088                trace_printf
 .text.trace_puts
                0x080010bc       0x20 ./system/src/diag/trace.o
                0x080010bc                trace_puts
 .text.__NVIC_SystemReset
                0x080010dc       0x24 ./system/src/cortexm/exception-handlers.o
 .text.dumpExceptionStack
                0x08001100       0xf4 ./system/src/cortexm/exception-handlers.o
                0x08001100                dumpExceptionStack
 .text.isSemihosting
                0x080011f4       0xe0 ./system/src/cortexm/exception-handlers.o
                0x080011f4                isSemihosting
 .text.__initialize_hardware_early
                0x080012d4       0x18 ./system/src/cortexm/initialize-hardware.o
                0x080012d4                __initialize_hardware_early
 .text.SystemInit
                0x080012ec       0x10 ./system/src/cmsis/system_stm32f4xx.o
                0x080012ec                SystemInit
 .text.SystemCoreClockUpdate
                0x080012fc       0xa0 ./system/src/cmsis/system_stm32f4xx.o
                0x080012fc                SystemCoreClockUpdate
 .text.SystemClock_Config
                0x0800139c       0xa0 ./src/initialize-hardware.o
                0x0800139c                SystemClock_Config
 .text.__initialize_hardware
                0x0800143c       0x10 ./src/initialize-hardware.o
                0x0800143c                __initialize_hardware
 .text.assert_failed
                0x0800144c       0x14 ./src/initialize-hardware.o
                0x0800144c                assert_failed
 .text.vSenderTimerCallback
                0x08001460       0x1c ./src/main.o
                0x08001460                vSenderTimerCallback
 .text.vReceiverTimerCallback
                0x0800147c       0x18 ./src/main.o
                0x0800147c                vReceiverTimerCallback
 .text.SenderTask
                0x08001494      0x130 ./src/main.o
                0x08001494                SenderTask
 .text.vResetFunction
                0x080015c4      0x218 ./src/main.o
                0x080015c4                vResetFunction
 .text.ReceiverTask
                0x080017dc       0x58 ./src/main.o
                0x080017dc                ReceiverTask
 .text.createQueue
                0x08001834       0x28 ./src/main.o
                0x08001834                createQueue
 .text.createsemaphore
                0x0800185c       0x5c ./src/main.o
                0x0800185c                createsemaphore
 .text.creat_sender_timer
                0x080018b8       0x80 ./src/main.o
                0x080018b8                creat_sender_timer
 .text.create_reciver_timer
                0x08001938       0x3c ./src/main.o
                0x08001938                create_reciver_timer
 .text.create_sender_task
                0x08001974       0x98 ./src/main.o
                0x08001974                create_sender_task
 .text.create_reciver_task
                0x08001a0c       0x40 ./src/main.o
                0x08001a0c                create_reciver_task
 .text.start_timers
                0x08001a4c       0x78 ./src/main.o
                0x08001a4c                start_timers
 .text.main     0x08001ac4       0x3c ./src/main.o
                0x08001ac4                main
 .text.vApplicationMallocFailedHook
                0x08001b00        0x2 ./src/main.o
                0x08001b00                vApplicationMallocFailedHook
 .text.vApplicationStackOverflowHook
                0x08001b02        0x2 ./src/main.o
                0x08001b02                vApplicationStackOverflowHook
 .text.vApplicationIdleHook
                0x08001b04       0x12 ./src/main.o
                0x08001b04                vApplicationIdleHook
 .text.vApplicationTickHook
                0x08001b16        0x2 ./src/main.o
                0x08001b16                vApplicationTickHook
 .text.HAL_MspInit
                0x08001b18        0x2 ./src/stm32f4xx_hal_msp.o
                0x08001b18                HAL_MspInit
 *fill*         0x08001b1a        0x2 
 .text.prvHeapInit
                0x08001b1c       0x64 ./FreeRTOS Source/portable/MemMang/heap_4.o
 .text.prvInsertBlockIntoFreeList
                0x08001b80       0x64 ./FreeRTOS Source/portable/MemMang/heap_4.o
 .text.pvPortMalloc
                0x08001be4      0x10c ./FreeRTOS Source/portable/MemMang/heap_4.o
                0x08001be4                pvPortMalloc
 .text.vPortFree
                0x08001cf0       0x70 ./FreeRTOS Source/portable/MemMang/heap_4.o
                0x08001cf0                vPortFree
 .text.xPortGetFreeHeapSize
                0x08001d60        0xc ./FreeRTOS Source/portable/MemMang/heap_4.o
                0x08001d60                xPortGetFreeHeapSize
 .text.prvTaskExitError
                0x08001d6c       0x34 ./FreeRTOS Source/portable/GCC/ARM_CM4F/port.o
 .text.prvPortStartFirstTask
                0x08001da0       0x20 ./FreeRTOS Source/portable/GCC/ARM_CM4F/port.o
 .text.pxPortInitialiseStack
                0x08001dc0       0x2c ./FreeRTOS Source/portable/GCC/ARM_CM4F/port.o
                0x08001dc0                pxPortInitialiseStack
 *fill*         0x08001dec        0x4 
 .text.SVC_Handler
                0x08001df0       0x24 ./FreeRTOS Source/portable/GCC/ARM_CM4F/port.o
                0x08001df0                SVC_Handler
 .text.vPortEnterCritical
                0x08001e14       0x44 ./FreeRTOS Source/portable/GCC/ARM_CM4F/port.o
                0x08001e14                vPortEnterCritical
 .text.vPortExitCritical
                0x08001e58       0x2c ./FreeRTOS Source/portable/GCC/ARM_CM4F/port.o
                0x08001e58                vPortExitCritical
 *fill*         0x08001e84        0xc 
 .text.PendSV_Handler
                0x08001e90       0x64 ./FreeRTOS Source/portable/GCC/ARM_CM4F/port.o
                0x08001e90                PendSV_Handler
 .text.SysTick_Handler
                0x08001ef4       0x2c ./FreeRTOS Source/portable/GCC/ARM_CM4F/port.o
                0x08001ef4                SysTick_Handler
 .text.vPortSetupTimerInterrupt
                0x08001f20       0x24 ./FreeRTOS Source/portable/GCC/ARM_CM4F/port.o
                0x08001f20                vPortSetupTimerInterrupt
 .text.xPortStartScheduler
                0x08001f44       0xf4 ./FreeRTOS Source/portable/GCC/ARM_CM4F/port.o
                0x08001f44                xPortStartScheduler
 .text.vPortValidateInterruptPriority
                0x08002038       0x5c ./FreeRTOS Source/portable/GCC/ARM_CM4F/port.o
                0x08002038                vPortValidateInterruptPriority
 .text.vListInitialise
                0x08002094       0x16 ./FreeRTOS Source/list.o
                0x08002094                vListInitialise
 .text.vListInitialiseItem
                0x080020aa        0x6 ./FreeRTOS Source/list.o
                0x080020aa                vListInitialiseItem
 .text.vListInsertEnd
                0x080020b0       0x16 ./FreeRTOS Source/list.o
                0x080020b0                vListInsertEnd
 .text.vListInsert
                0x080020c6       0x32 ./FreeRTOS Source/list.o
                0x080020c6                vListInsert
 .text.uxListRemove
                0x080020f8       0x24 ./FreeRTOS Source/list.o
                0x080020f8                uxListRemove
 .text.prvIsQueueFull
                0x0800211c       0x1e ./FreeRTOS Source/queue.o
 .text.prvIsQueueEmpty
                0x0800213a       0x1a ./FreeRTOS Source/queue.o
 .text.prvCopyDataToQueue
                0x08002154       0x76 ./FreeRTOS Source/queue.o
 .text.prvCopyDataFromQueue
                0x080021ca       0x24 ./FreeRTOS Source/queue.o
 .text.prvUnlockQueue
                0x080021ee       0x6e ./FreeRTOS Source/queue.o
 .text.xQueueGenericReset
                0x0800225c       0x84 ./FreeRTOS Source/queue.o
                0x0800225c                xQueueGenericReset
 .text.prvInitialiseNewQueue
                0x080022e0       0x22 ./FreeRTOS Source/queue.o
 .text.xQueueGenericCreate
                0x08002302       0x48 ./FreeRTOS Source/queue.o
                0x08002302                xQueueGenericCreate
 .text.xQueueGenericSend
                0x0800234a      0x188 ./FreeRTOS Source/queue.o
                0x0800234a                xQueueGenericSend
 .text.xQueueGenericSendFromISR
                0x080024d2       0xcc ./FreeRTOS Source/queue.o
                0x080024d2                xQueueGenericSendFromISR
 .text.xQueueGenericReceive
                0x0800259e      0x1ba ./FreeRTOS Source/queue.o
                0x0800259e                xQueueGenericReceive
 .text.vQueueAddToRegistry
                0x08002758       0x28 ./FreeRTOS Source/queue.o
                0x08002758                vQueueAddToRegistry
 .text.vQueueWaitForMessageRestricted
                0x08002780       0x52 ./FreeRTOS Source/queue.o
                0x08002780                vQueueWaitForMessageRestricted
 *fill*         0x080027d2        0x2 
 .text.prvResetNextTaskUnblockTime
                0x080027d4       0x2c ./FreeRTOS Source/tasks.o
 .text.prvDeleteTCB
                0x08002800       0x12 ./FreeRTOS Source/tasks.o
 .text.prvInitialiseNewTask
                0x08002812       0x98 ./FreeRTOS Source/tasks.o
 *fill*         0x080028aa        0x2 
 .text.prvInitialiseTaskLists
                0x080028ac       0x68 ./FreeRTOS Source/tasks.o
 .text.prvAddNewTaskToReadyList
                0x08002914       0xac ./FreeRTOS Source/tasks.o
 .text.prvAddCurrentTaskToDelayedList
                0x080029c0       0x98 ./FreeRTOS Source/tasks.o
 .text.xTaskCreate
                0x08002a58       0x60 ./FreeRTOS Source/tasks.o
                0x08002a58                xTaskCreate
 .text.vTaskStartScheduler
                0x08002ab8       0x84 ./FreeRTOS Source/tasks.o
                0x08002ab8                vTaskStartScheduler
 .text.vTaskSuspendAll
                0x08002b3c       0x10 ./FreeRTOS Source/tasks.o
                0x08002b3c                vTaskSuspendAll
 .text.xTaskGetTickCount
                0x08002b4c        0xc ./FreeRTOS Source/tasks.o
                0x08002b4c                xTaskGetTickCount
 .text.xTaskIncrementTick
                0x08002b58      0x128 ./FreeRTOS Source/tasks.o
                0x08002b58                xTaskIncrementTick
 .text.xTaskResumeAll
                0x08002c80       0xf8 ./FreeRTOS Source/tasks.o
                0x08002c80                xTaskResumeAll
 .text.prvCheckTasksWaitingTermination
                0x08002d78       0x5c ./FreeRTOS Source/tasks.o
 .text.prvIdleTask
                0x08002dd4       0x30 ./FreeRTOS Source/tasks.o
 .text.vTaskSwitchContext
                0x08002e04       0xcc ./FreeRTOS Source/tasks.o
                0x08002e04                vTaskSwitchContext
 .text.vTaskPlaceOnEventList
                0x08002ed0       0x30 ./FreeRTOS Source/tasks.o
                0x08002ed0                vTaskPlaceOnEventList
 .text.vTaskPlaceOnEventListRestricted
                0x08002f00       0x38 ./FreeRTOS Source/tasks.o
                0x08002f00                vTaskPlaceOnEventListRestricted
 .text.xTaskRemoveFromEventList
                0x08002f38       0x8c ./FreeRTOS Source/tasks.o
                0x08002f38                xTaskRemoveFromEventList
 .text.vTaskSetTimeOutState
                0x08002fc4       0x2c ./FreeRTOS Source/tasks.o
                0x08002fc4                vTaskSetTimeOutState
 .text.xTaskCheckForTimeOut
                0x08002ff0       0x80 ./FreeRTOS Source/tasks.o
                0x08002ff0                xTaskCheckForTimeOut
 .text.vTaskMissedYield
                0x08003070        0xc ./FreeRTOS Source/tasks.o
                0x08003070                vTaskMissedYield
 .text.xTaskGetSchedulerState
                0x0800307c       0x20 ./FreeRTOS Source/tasks.o
                0x0800307c                xTaskGetSchedulerState
 .text.vTaskPriorityInherit
                0x0800309c       0xa0 ./FreeRTOS Source/tasks.o
                0x0800309c                vTaskPriorityInherit
 .text.xTaskPriorityDisinherit
                0x0800313c       0xb0 ./FreeRTOS Source/tasks.o
                0x0800313c                xTaskPriorityDisinherit
 .text.pvTaskIncrementMutexHeldCount
                0x080031ec       0x1c ./FreeRTOS Source/tasks.o
                0x080031ec                pvTaskIncrementMutexHeldCount
 .text.prvGetNextExpireTime
                0x08003208       0x20 ./FreeRTOS Source/timers.o
 .text.prvInsertTimerInActiveList
                0x08003228       0x48 ./FreeRTOS Source/timers.o
 .text.prvCheckForValidListAndQueue
                0x08003270       0x5c ./FreeRTOS Source/timers.o
 .text.prvInitialiseNewTimer
                0x080032cc       0x40 ./FreeRTOS Source/timers.o
 .text.xTimerCreateTimerTask
                0x0800330c       0x50 ./FreeRTOS Source/timers.o
                0x0800330c                xTimerCreateTimerTask
 .text.xTimerCreate
                0x0800335c       0x32 ./FreeRTOS Source/timers.o
                0x0800335c                xTimerCreate
 *fill*         0x0800338e        0x2 
 .text.xTimerGenericCommand
                0x08003390       0x6c ./FreeRTOS Source/timers.o
                0x08003390                xTimerGenericCommand
 .text.prvSwitchTimerLists
                0x080033fc       0x78 ./FreeRTOS Source/timers.o
 .text.prvSampleTimeNow
                0x08003474       0x2c ./FreeRTOS Source/timers.o
 .text.prvProcessExpiredTimer
                0x080034a0       0x60 ./FreeRTOS Source/timers.o
 .text.prvProcessTimerOrBlockTask
                0x08003500       0x70 ./FreeRTOS Source/timers.o
 .text.prvProcessReceivedCommands
                0x08003570       0xe0 ./FreeRTOS Source/timers.o
 .text.prvTimerTask
                0x08003650       0x16 ./FreeRTOS Source/timers.o
 .text.pvTimerGetTimerID
                0x08003666       0x26 ./FreeRTOS Source/timers.o
                0x08003666                pvTimerGetTimerID
 .text          0x0800368c       0x30 C:/Users/ESLAM/AppData/Roaming/xPacks/@xpack-dev-tools/arm-none-eabi-gcc/13.2.1-1.1.1/.content/bin/../lib/gcc/arm-none-eabi/13.2.1/thumb/v7e-m+fp/softfp\libgcc.a(_aeabi_uldivmod.o)
                0x0800368c                __aeabi_uldivmod
 .text.__udivmoddi4
                0x080036bc      0x2bc C:/Users/ESLAM/AppData/Roaming/xPacks/@xpack-dev-tools/arm-none-eabi-gcc/13.2.1-1.1.1/.content/bin/../lib/gcc/arm-none-eabi/13.2.1/thumb/v7e-m+fp/softfp\libgcc.a(_udivmoddi4.o)
                0x080036bc                __udivmoddi4
 .text          0x08003978        0x4 C:/Users/ESLAM/AppData/Roaming/xPacks/@xpack-dev-tools/arm-none-eabi-gcc/13.2.1-1.1.1/.content/bin/../lib/gcc/arm-none-eabi/13.2.1/thumb/v7e-m+fp/softfp\libgcc.a(_dvmd_tls.o)
                0x08003978                __aeabi_idiv0
                0x08003978                __aeabi_ldiv0
 .text.exit     0x0800397c       0x24 C:/Users/ESLAM/AppData/Roaming/xPacks/@xpack-dev-tools/arm-none-eabi-gcc/13.2.1-1.1.1/.content/bin/../lib/gcc/arm-none-eabi/13.2.1/../../../../arm-none-eabi/lib/thumb/v7e-m+fp/softfp\libg_nano.a(libc_a-exit.o)
                0x0800397c                exit
 .text.srand    0x080039a0       0x5c C:/Users/ESLAM/AppData/Roaming/xPacks/@xpack-dev-tools/arm-none-eabi-gcc/13.2.1-1.1.1/.content/bin/../lib/gcc/arm-none-eabi/13.2.1/../../../../arm-none-eabi/lib/thumb/v7e-m+fp/softfp\libg_nano.a(libc_a-rand.o)
                0x080039a0                srand
 .text.rand     0x080039fc       0x7c C:/Users/ESLAM/AppData/Roaming/xPacks/@xpack-dev-tools/arm-none-eabi-gcc/13.2.1-1.1.1/.content/bin/../lib/gcc/arm-none-eabi/13.2.1/../../../../arm-none-eabi/lib/thumb/v7e-m+fp/softfp\libg_nano.a(libc_a-rand.o)
                0x080039fc                rand
 .text.snprintf
                0x08003a78       0x68 C:/Users/ESLAM/AppData/Roaming/xPacks/@xpack-dev-tools/arm-none-eabi-gcc/13.2.1-1.1.1/.content/bin/../lib/gcc/arm-none-eabi/13.2.1/../../../../arm-none-eabi/lib/thumb/v7e-m+fp/softfp\libg_nano.a(libc_a-snprintf.o)
                0x08003a78                sniprintf
                0x08003a78                snprintf
 .text._vsnprintf_r
                0x08003ae0       0x56 C:/Users/ESLAM/AppData/Roaming/xPacks/@xpack-dev-tools/arm-none-eabi-gcc/13.2.1-1.1.1/.content/bin/../lib/gcc/arm-none-eabi/13.2.1/../../../../arm-none-eabi/lib/thumb/v7e-m+fp/softfp\libg_nano.a(libc_a-vsnprintf.o)
                0x08003ae0                _vsniprintf_r
                0x08003ae0                _vsnprintf_r
 *fill*         0x08003b36        0x2 
 .text.vsnprintf
                0x08003b38       0x1c C:/Users/ESLAM/AppData/Roaming/xPacks/@xpack-dev-tools/arm-none-eabi-gcc/13.2.1-1.1.1/.content/bin/../lib/gcc/arm-none-eabi/13.2.1/../../../../arm-none-eabi/lib/thumb/v7e-m+fp/softfp\libg_nano.a(libc_a-vsnprintf.o)
                0x08003b38                vsniprintf
                0x08003b38                vsnprintf
 .text.memset   0x08003b54       0x10 C:/Users/ESLAM/AppData/Roaming/xPacks/@xpack-dev-tools/arm-none-eabi-gcc/13.2.1-1.1.1/.content/bin/../lib/gcc/arm-none-eabi/13.2.1/../../../../arm-none-eabi/lib/thumb/v7e-m+fp/softfp\libg_nano.a(libc_a-memset.o)
                0x08003b54                memset
 .text.time     0x08003b64       0x38 C:/Users/ESLAM/AppData/Roaming/xPacks/@xpack-dev-tools/arm-none-eabi-gcc/13.2.1-1.1.1/.content/bin/../lib/gcc/arm-none-eabi/13.2.1/../../../../arm-none-eabi/lib/thumb/v7e-m+fp/softfp\libg_nano.a(libc_a-time.o)
                0x08003b64                time
 .text._gettimeofday_r
                0x08003b9c       0x24 C:/Users/ESLAM/AppData/Roaming/xPacks/@xpack-dev-tools/arm-none-eabi-gcc/13.2.1-1.1.1/.content/bin/../lib/gcc/arm-none-eabi/13.2.1/../../../../arm-none-eabi/lib/thumb/v7e-m+fp/softfp\libg_nano.a(libc_a-gettimeofdayr.o)
                0x08003b9c                _gettimeofday_r
 .text.__errno  0x08003bc0        0xc C:/Users/ESLAM/AppData/Roaming/xPacks/@xpack-dev-tools/arm-none-eabi-gcc/13.2.1-1.1.1/.content/bin/../lib/gcc/arm-none-eabi/13.2.1/../../../../arm-none-eabi/lib/thumb/v7e-m+fp/softfp\libg_nano.a(libc_a-errno.o)
                0x08003bc0                __errno
 .text.__retarget_lock_acquire_recursive
                0x08003bcc        0x2 C:/Users/ESLAM/AppData/Roaming/xPacks/@xpack-dev-tools/arm-none-eabi-gcc/13.2.1-1.1.1/.content/bin/../lib/gcc/arm-none-eabi/13.2.1/../../../../arm-none-eabi/lib/thumb/v7e-m+fp/softfp\libg_nano.a(libc_a-lock.o)
                0x08003bcc                __retarget_lock_acquire_recursive
 .text.__retarget_lock_release_recursive
                0x08003bce        0x2 C:/Users/ESLAM/AppData/Roaming/xPacks/@xpack-dev-tools/arm-none-eabi-gcc/13.2.1-1.1.1/.content/bin/../lib/gcc/arm-none-eabi/13.2.1/../../../../arm-none-eabi/lib/thumb/v7e-m+fp/softfp\libg_nano.a(libc_a-lock.o)
                0x08003bce                __retarget_lock_release_recursive
 .text          0x08003bd0       0x14 C:/Users/ESLAM/AppData/Roaming/xPacks/@xpack-dev-tools/arm-none-eabi-gcc/13.2.1-1.1.1/.content/bin/../lib/gcc/arm-none-eabi/13.2.1/../../../../arm-none-eabi/lib/thumb/v7e-m+fp/softfp\libg_nano.a(libc_a-strcmp.o)
                0x08003bd0                strcmp
 .text.memcpy   0x08003be4       0x1c C:/Users/ESLAM/AppData/Roaming/xPacks/@xpack-dev-tools/arm-none-eabi-gcc/13.2.1-1.1.1/.content/bin/../lib/gcc/arm-none-eabi/13.2.1/../../../../arm-none-eabi/lib/thumb/v7e-m+fp/softfp\libg_nano.a(libc_a-memcpy-stub.o)
                0x08003be4                memcpy
 .text          0x08003c00       0x10 C:/Users/ESLAM/AppData/Roaming/xPacks/@xpack-dev-tools/arm-none-eabi-gcc/13.2.1-1.1.1/.content/bin/../lib/gcc/arm-none-eabi/13.2.1/../../../../arm-none-eabi/lib/thumb/v7e-m+fp/softfp\libg_nano.a(libc_a-strlen.o)
                0x08003c00                strlen
 .text.malloc   0x08003c10       0x10 C:/Users/ESLAM/AppData/Roaming/xPacks/@xpack-dev-tools/arm-none-eabi-gcc/13.2.1-1.1.1/.content/bin/../lib/gcc/arm-none-eabi/13.2.1/../../../../arm-none-eabi/lib/thumb/v7e-m+fp/softfp\libg_nano.a(libc_a-malloc.o)
                0x08003c10                malloc
 .text.sbrk_aligned
                0x08003c20       0x44 C:/Users/ESLAM/AppData/Roaming/xPacks/@xpack-dev-tools/arm-none-eabi-gcc/13.2.1-1.1.1/.content/bin/../lib/gcc/arm-none-eabi/13.2.1/../../../../arm-none-eabi/lib/thumb/v7e-m+fp/softfp\libg_nano.a(libc_a-mallocr.o)
 .text._malloc_r
                0x08003c64      0x100 C:/Users/ESLAM/AppData/Roaming/xPacks/@xpack-dev-tools/arm-none-eabi-gcc/13.2.1-1.1.1/.content/bin/../lib/gcc/arm-none-eabi/13.2.1/../../../../arm-none-eabi/lib/thumb/v7e-m+fp/softfp\libg_nano.a(libc_a-mallocr.o)
                0x08003c64                _malloc_r
 .text.__malloc_lock
                0x08003d64        0xc C:/Users/ESLAM/AppData/Roaming/xPacks/@xpack-dev-tools/arm-none-eabi-gcc/13.2.1-1.1.1/.content/bin/../lib/gcc/arm-none-eabi/13.2.1/../../../../arm-none-eabi/lib/thumb/v7e-m+fp/softfp\libg_nano.a(libc_a-mlock.o)
                0x08003d64                __malloc_lock
 .text.__malloc_unlock
                0x08003d70        0xc C:/Users/ESLAM/AppData/Roaming/xPacks/@xpack-dev-tools/arm-none-eabi-gcc/13.2.1-1.1.1/.content/bin/../lib/gcc/arm-none-eabi/13.2.1/../../../../arm-none-eabi/lib/thumb/v7e-m+fp/softfp\libg_nano.a(libc_a-mlock.o)
                0x08003d70                __malloc_unlock
 .text.__ssputs_r
                0x08003d7c       0xb6 C:/Users/ESLAM/AppData/Roaming/xPacks/@xpack-dev-tools/arm-none-eabi-gcc/13.2.1-1.1.1/.content/bin/../lib/gcc/arm-none-eabi/13.2.1/../../../../arm-none-eabi/lib/thumb/v7e-m+fp/softfp\libg_nano.a(libc_a-nano-svfprintf.o)
                0x08003d7c                __ssputs_r
 *fill*         0x08003e32        0x2 
 .text._svfprintf_r
                0x08003e34      0x1f8 C:/Users/ESLAM/AppData/Roaming/xPacks/@xpack-dev-tools/arm-none-eabi-gcc/13.2.1-1.1.1/.content/bin/../lib/gcc/arm-none-eabi/13.2.1/../../../../arm-none-eabi/lib/thumb/v7e-m+fp/softfp\libg_nano.a(libc_a-nano-svfprintf.o)
                0x08003e34                _svfiprintf_r
                0x08003e34                _svfprintf_r
 .text._printf_common
                0x0800402c       0xda C:/Users/ESLAM/AppData/Roaming/xPacks/@xpack-dev-tools/arm-none-eabi-gcc/13.2.1-1.1.1/.content/bin/../lib/gcc/arm-none-eabi/13.2.1/../../../../arm-none-eabi/lib/thumb/v7e-m+fp/softfp\libg_nano.a(libc_a-nano-vfprintf_i.o)
                0x0800402c                _printf_common
 *fill*         0x08004106        0x2 
 .text._printf_i
                0x08004108      0x23c C:/Users/ESLAM/AppData/Roaming/xPacks/@xpack-dev-tools/arm-none-eabi-gcc/13.2.1-1.1.1/.content/bin/../lib/gcc/arm-none-eabi/13.2.1/../../../../arm-none-eabi/lib/thumb/v7e-m+fp/softfp\libg_nano.a(libc_a-nano-vfprintf_i.o)
                0x08004108                _printf_i
 .text.memmove  0x08004344       0x34 C:/Users/ESLAM/AppData/Roaming/xPacks/@xpack-dev-tools/arm-none-eabi-gcc/13.2.1-1.1.1/.content/bin/../lib/gcc/arm-none-eabi/13.2.1/../../../../arm-none-eabi/lib/thumb/v7e-m+fp/softfp\libg_nano.a(libc_a-memmove.o)
                0x08004344                memmove
 .text._sbrk_r  0x08004378       0x20 C:/Users/ESLAM/AppData/Roaming/xPacks/@xpack-dev-tools/arm-none-eabi-gcc/13.2.1-1.1.1/.content/bin/../lib/gcc/arm-none-eabi/13.2.1/../../../../arm-none-eabi/lib/thumb/v7e-m+fp/softfp\libg_nano.a(libc_a-sbrkr.o)
                0x08004378                _sbrk_r
 *fill*         0x08004398        0x8 
 .text          0x080043a0       0xa0 C:/Users/ESLAM/AppData/Roaming/xPacks/@xpack-dev-tools/arm-none-eabi-gcc/13.2.1-1.1.1/.content/bin/../lib/gcc/arm-none-eabi/13.2.1/../../../../arm-none-eabi/lib/thumb/v7e-m+fp/softfp\libg_nano.a(libc_a-memchr.o)
                0x080043a0                memchr
 .text._free_r  0x08004440       0x94 C:/Users/ESLAM/AppData/Roaming/xPacks/@xpack-dev-tools/arm-none-eabi-gcc/13.2.1-1.1.1/.content/bin/../lib/gcc/arm-none-eabi/13.2.1/../../../../arm-none-eabi/lib/thumb/v7e-m+fp/softfp\libg_nano.a(libc_a-freer.o)
                0x08004440                _free_r
 .text._realloc_r
                0x080044d4       0x5c C:/Users/ESLAM/AppData/Roaming/xPacks/@xpack-dev-tools/arm-none-eabi-gcc/13.2.1-1.1.1/.content/bin/../lib/gcc/arm-none-eabi/13.2.1/../../../../arm-none-eabi/lib/thumb/v7e-m+fp/softfp\libg_nano.a(libc_a-reallocr.o)
                0x080044d4                _realloc_r
 .text._malloc_usable_size_r
                0x08004530       0x10 C:/Users/ESLAM/AppData/Roaming/xPacks/@xpack-dev-tools/arm-none-eabi-gcc/13.2.1-1.1.1/.content/bin/../lib/gcc/arm-none-eabi/13.2.1/../../../../arm-none-eabi/lib/thumb/v7e-m+fp/softfp\libg_nano.a(libc_a-msizer.o)
                0x08004530                _malloc_usable_size_r
 *(.rodata .rodata.* .constdata .constdata.*)
 .rodata.HAL_NVIC_SetPriorityGrouping.str1.4
                0x08004540      0x5a4 ./system/src/stm32f4-hal/stm32f4xx_hal_cortex.o
                                 0x31 (size before relaxing)
 .rodata.HAL_RCC_OscConfig.str1.4
                0x08004ae4       0x2e ./system/src/stm32f4-hal/stm32f4xx_hal_rcc.o
 .rodata.__assert_func.str1.4
                0x08004ae4       0x43 ./system/src/newlib/assert.o
 .rodata.abort.str1.4
                0x08004ae4       0x14 ./system/src/newlib/exit.o
 .rodata.initialise_monitor_handles.str1.4
                0x08004ae4        0x4 ./system/src/newlib/syscalls.o
 .rodata.trace_puts.str1.4
                0x08004ae4        0x2 ./system/src/diag/trace.o
 .rodata.dumpExceptionStack.str1.4
                0x08004ae4      0x11a ./system/src/cortexm/exception-handlers.o
 .rodata.isSemihosting.str1.4
                0x08004ae4        0x4 ./system/src/cortexm/exception-handlers.o
 .rodata.str1.4
                0x08004ae4       0x2a ./system/src/cortexm/exception-handlers.o
 .rodata.AHBPrescTable
                0x08004ae4       0x10 ./system/src/cmsis/system_stm32f4xx.o
                0x08004ae4                AHBPrescTable
 .rodata.assert_failed.str1.4
                0x08004af4       0x2d ./src/initialize-hardware.o
 .rodata.SenderTask.str1.4
                0x08004af4       0x3b ./src/main.o
 .rodata.vResetFunction.str1.4
                0x08004af4      0x187 ./src/main.o
 .rodata.ReceiverTask.str1.4
                0x08004af4        0xe ./src/main.o
 .rodata.createQueue.str1.4
                0x08004af4       0x18 ./src/main.o
 .rodata.createsemaphore.str1.4
                0x08004af4       0x4d ./src/main.o
 .rodata.creat_sender_timer.str1.4
                0x08004af4       0x32 ./src/main.o
 .rodata.create_reciver_timer.str1.4
                0x08004af4       0x37 ./src/main.o
 .rodata.create_sender_task.str1.4
                0x08004af4       0x51 ./src/main.o
 .rodata.create_reciver_task.str1.4
                0x08004af4       0x30 ./src/main.o
 .rodata.start_timers.str1.4
                0x08004af4       0x1c ./src/main.o
 .rodata.main.str1.4
                0x08004af4        0xf ./src/main.o
 .rodata.timerPeriodsUpper
                0x08004af4       0x18 ./src/main.o
                0x08004af4                timerPeriodsUpper
 .rodata.timerPeriodsLower
                0x08004b0c       0x18 ./src/main.o
                0x08004b0c                timerPeriodsLower
 .rodata.vTaskStartScheduler.str1.4
                0x08004b24        0x5 ./FreeRTOS Source/tasks.o
 .rodata.prvCheckForValidListAndQueue.str1.4
                0x08004b24        0x5 ./FreeRTOS Source/timers.o
 .rodata.xTimerCreateTimerTask.str1.4
                0x08004b24        0x8 ./FreeRTOS Source/timers.o
 .rodata.srand.str1.1
                0x08004b24       0xbf C:/Users/ESLAM/AppData/Roaming/xPacks/@xpack-dev-tools/arm-none-eabi-gcc/13.2.1-1.1.1/.content/bin/../lib/gcc/arm-none-eabi/13.2.1/../../../../arm-none-eabi/lib/thumb/v7e-m+fp/softfp\libg_nano.a(libc_a-rand.o)
                                 0x8c (size before relaxing)
 .rodata._ctype_
                0x08004be3      0x101 C:/Users/ESLAM/AppData/Roaming/xPacks/@xpack-dev-tools/arm-none-eabi-gcc/13.2.1-1.1.1/.content/bin/../lib/gcc/arm-none-eabi/13.2.1/../../../../arm-none-eabi/lib/thumb/v7e-m+fp/softfp\libg_nano.a(libc_a-ctype_.o)
                0x08004be3                _ctype_
 .rodata._svfprintf_r.str1.1
                0x08004ce4       0x11 C:/Users/ESLAM/AppData/Roaming/xPacks/@xpack-dev-tools/arm-none-eabi-gcc/13.2.1-1.1.1/.content/bin/../lib/gcc/arm-none-eabi/13.2.1/../../../../arm-none-eabi/lib/thumb/v7e-m+fp/softfp\libg_nano.a(libc_a-nano-svfprintf.o)
 .rodata._printf_i.str1.1
                0x08004ce4       0x22 C:/Users/ESLAM/AppData/Roaming/xPacks/@xpack-dev-tools/arm-none-eabi-gcc/13.2.1-1.1.1/.content/bin/../lib/gcc/arm-none-eabi/13.2.1/../../../../arm-none-eabi/lib/thumb/v7e-m+fp/softfp\libg_nano.a(libc_a-nano-vfprintf_i.o)
 *(vtable)
 *(.eh_frame*)
 .eh_frame      0x08004ce4       0x28 C:/Users/ESLAM/AppData/Roaming/xPacks/@xpack-dev-tools/arm-none-eabi-gcc/13.2.1-1.1.1/.content/bin/../lib/gcc/arm-none-eabi/13.2.1/../../../../arm-none-eabi/lib/thumb/v7e-m+fp/softfp\libg_nano.a(libc_a-strlen.o)
 .eh_frame      0x08004d0c       0x50 C:/Users/ESLAM/AppData/Roaming/xPacks/@xpack-dev-tools/arm-none-eabi-gcc/13.2.1-1.1.1/.content/bin/../lib/gcc/arm-none-eabi/13.2.1/../../../../arm-none-eabi/lib/thumb/v7e-m+fp/softfp\libg_nano.a(libc_a-memchr.o)
 *(.glue_7)
 .glue_7        0x08004d5c        0x0 linker stubs
 *(.glue_7t)
 .glue_7t       0x08004d5c        0x0 linker stubs

.vfp11_veneer   0x08004d5c        0x0
 .vfp11_veneer  0x08004d5c        0x0 linker stubs

.v4_bx          0x08004d5c        0x0
 .v4_bx         0x08004d5c        0x0 linker stubs

.iplt           0x08004d5c        0x0
 .iplt          0x08004d5c        0x0 ./system/src/stm32f4-hal/stm32f4xx_hal.o

.ARM.extab
 *(.ARM.extab* .gnu.linkonce.armextab.*)
                0x08004d5c                        . = ALIGN (0x4)
                0x08004d5c                        __exidx_start = .

.ARM.exidx      0x08004d5c        0x8
 *(.ARM.exidx* .gnu.linkonce.armexidx.*)
 .ARM.exidx.text.__udivmoddi4
                0x08004d5c        0x8 C:/Users/ESLAM/AppData/Roaming/xPacks/@xpack-dev-tools/arm-none-eabi-gcc/13.2.1-1.1.1/.content/bin/../lib/gcc/arm-none-eabi/13.2.1/thumb/v7e-m+fp/softfp\libgcc.a(_udivmoddi4.o)
 .ARM.exidx     0x08004d64        0x0 C:/Users/ESLAM/AppData/Roaming/xPacks/@xpack-dev-tools/arm-none-eabi-gcc/13.2.1-1.1.1/.content/bin/../lib/gcc/arm-none-eabi/13.2.1/../../../../arm-none-eabi/lib/thumb/v7e-m+fp/softfp\libg_nano.a(libc_a-strcmp.o)
                                  0x8 (size before relaxing)
 .ARM.exidx     0x08004d64        0x0 C:/Users/ESLAM/AppData/Roaming/xPacks/@xpack-dev-tools/arm-none-eabi-gcc/13.2.1-1.1.1/.content/bin/../lib/gcc/arm-none-eabi/13.2.1/../../../../arm-none-eabi/lib/thumb/v7e-m+fp/softfp\libg_nano.a(libc_a-strlen.o)
                                  0x8 (size before relaxing)
 .ARM.exidx     0x08004d64        0x0 C:/Users/ESLAM/AppData/Roaming/xPacks/@xpack-dev-tools/arm-none-eabi-gcc/13.2.1-1.1.1/.content/bin/../lib/gcc/arm-none-eabi/13.2.1/../../../../arm-none-eabi/lib/thumb/v7e-m+fp/softfp\libg_nano.a(libc_a-memchr.o)
                                  0x8 (size before relaxing)
                0x08004d64                        __exidx_end = .

.rel.dyn        0x08004d64        0x0
 .rel.iplt      0x08004d64        0x0 ./system/src/stm32f4-hal/stm32f4xx_hal.o
                0x08004d64                        . = ALIGN (0x4)
                0x08004d64                        _etext = .
                0x08004d64                        __etext = .

.data_CCMRAM    0x10000000        0x0 load address 0x08004d64
 FILL mask 0xff
 *(.data.CCMRAM .data.CCMRAM.*)
                0x10000000                        . = ALIGN (0x4)
                0x08004d64                        _sidata = LOADADDR (.data)

.data           0x20000000       0x68 load address 0x08004d64
 FILL mask 0xff
                0x20000000                        _sdata = .
                0x20000000                        __data_start__ = .
 *(.data_begin .data_begin.*)
 .data_begin    0x20000000        0x4 ./system/src/newlib/startup.o
 *(.data .data.*)
 .data.uwTickFreq
                0x20000004        0x1 ./system/src/stm32f4-hal/stm32f4xx_hal.o
                0x20000004                uwTickFreq
 *fill*         0x20000005        0x3 ff
 .data.uwTickPrio
                0x20000008        0x4 ./system/src/stm32f4-hal/stm32f4xx_hal.o
                0x20000008                uwTickPrio
 .data.SystemCoreClock
                0x2000000c        0x4 ./system/src/cmsis/system_stm32f4xx.o
                0x2000000c                SystemCoreClock
 .data.uxCriticalNesting
                0x20000010        0x4 ./FreeRTOS Source/portable/GCC/ARM_CM4F/port.o
 .data._impure_ptr
                0x20000014        0x4 C:/Users/ESLAM/AppData/Roaming/xPacks/@xpack-dev-tools/arm-none-eabi-gcc/13.2.1-1.1.1/.content/bin/../lib/gcc/arm-none-eabi/13.2.1/../../../../arm-none-eabi/lib/thumb/v7e-m+fp/softfp\libg_nano.a(libc_a-impure.o)
                0x20000014                _impure_ptr
 .data._impure_data
                0x20000018       0x4c C:/Users/ESLAM/AppData/Roaming/xPacks/@xpack-dev-tools/arm-none-eabi-gcc/13.2.1-1.1.1/.content/bin/../lib/gcc/arm-none-eabi/13.2.1/../../../../arm-none-eabi/lib/thumb/v7e-m+fp/softfp\libg_nano.a(libc_a-impure.o)
                0x20000018                _impure_data
 *(.data_end .data_end.*)
 .data_end      0x20000064        0x4 ./system/src/newlib/startup.o
                0x20000068                        . = ALIGN (0x4)
                0x20000068                        _edata = .
                0x20000068                        __data_end__ = .

.igot.plt       0x20000068        0x0 load address 0x08004dcc
 .igot.plt      0x20000068        0x0 ./system/src/stm32f4-hal/stm32f4xx_hal.o

.bss_CCMRAM     0x10000000        0x0
 *(.bss.CCMRAM .bss.CCMRAM.*)

.bss            0x20000068    0x13164
                0x20000068                        __bss_start__ = .
                0x20000068                        _sbss = .
 *(.bss_begin .bss_begin.*)
 .bss_begin     0x20000068        0x4 ./system/src/newlib/startup.o
 *(.bss .bss.*)
 .bss.uwTick    0x2000006c        0x4 ./system/src/stm32f4-hal/stm32f4xx_hal.o
                0x2000006c                uwTick
 .bss.current_heap_end.0
                0x20000070        0x4 ./system/src/newlib/sbrk.o
 .bss.argv_buf.0
                0x20000074       0x28 ./system/src/newlib/syscalls.o
 .bss.args_buf.1
                0x2000009c       0x50 ./system/src/newlib/syscalls.o
 .bss.monitor_stderr
                0x200000ec        0x4 ./system/src/newlib/syscalls.o
 .bss.monitor_stdout
                0x200000f0        0x4 ./system/src/newlib/syscalls.o
 .bss.monitor_stdin
                0x200000f4        0x4 ./system/src/newlib/syscalls.o
 .bss.openfiles
                0x200000f8       0xa0 ./system/src/newlib/syscalls.o
 .bss.errno     0x20000198        0x4 ./system/src/newlib/syscalls.o
                0x20000198                errno
 .bss.buf.0     0x2000019c       0x80 ./system/src/diag/trace.o
 .bss.timerPeriod
                0x2000021c        0x4 ./src/main.o
                0x2000021c                timerPeriod
 .bss.newPeriod
                0x20000220        0x4 ./src/main.o
                0x20000220                newPeriod
 .bss.startTime
                0x20000224        0x4 ./src/main.o
                0x20000224                startTime
 .bss.totalBlockingTime
                0x20000228        0xc ./src/main.o
                0x20000228                totalBlockingTime
 .bss.totalSendingTime
                0x20000234        0xc ./src/main.o
                0x20000234                totalSendingTime
 .bss.xReceiverSemaphore
                0x20000240        0x4 ./src/main.o
                0x20000240                xReceiverSemaphore
 .bss.xSenderSemaphores
                0x20000244        0xc ./src/main.o
                0x20000244                xSenderSemaphores
 .bss.xReceiverTimer
                0x20000250        0x4 ./src/main.o
                0x20000250                xReceiverTimer
 .bss.xSenderTimers
                0x20000254        0xc ./src/main.o
                0x20000254                xSenderTimers
 .bss.receivedMessage
                0x20000260       0x14 ./src/main.o
                0x20000260                receivedMessage
 .bss.message   0x20000274       0x14 ./src/main.o
                0x20000274                message
 .bss.periodIndex
                0x20000288        0x4 ./src/main.o
 .bss.timerStarted
                0x2000028c        0x4 ./src/main.o
                0x2000028c                timerStarted
 .bss.xTaskCreateStatus
                0x20000290        0x4 ./src/main.o
                0x20000290                xTaskCreateStatus
 .bss.sum_block
                0x20000294        0x4 ./src/main.o
                0x20000294                sum_block
 .bss.sum_send  0x20000298        0x4 ./src/main.o
                0x20000298                sum_send
 .bss.total_period3
                0x2000029c        0x4 ./src/main.o
                0x2000029c                total_period3
 .bss.total_period2
                0x200002a0        0x4 ./src/main.o
                0x200002a0                total_period2
 .bss.total_period1
                0x200002a4        0x4 ./src/main.o
                0x200002a4                total_period1
 .bss.Sum_Blocked
                0x200002a8        0xc ./src/main.o
                0x200002a8                Sum_Blocked
 .bss.Sum_Successful
                0x200002b4        0xc ./src/main.o
                0x200002b4                Sum_Successful
 .bss.receivedMessages
                0x200002c0        0x4 ./src/main.o
                0x200002c0                receivedMessages
 .bss.blockedMessages
                0x200002c4        0xc ./src/main.o
                0x200002c4                blockedMessages
 .bss.successfulTransmissions
                0x200002d0        0xc ./src/main.o
                0x200002d0                successfulTransmissions
 .bss.testQueue
                0x200002dc        0x4 ./src/main.o
                0x200002dc                testQueue
 .bss.xBlockAllocatedBit
                0x200002e0        0x4 ./FreeRTOS Source/portable/MemMang/heap_4.o
 .bss.xMinimumEverFreeBytesRemaining
                0x200002e4        0x4 ./FreeRTOS Source/portable/MemMang/heap_4.o
 .bss.xFreeBytesRemaining
                0x200002e8        0x4 ./FreeRTOS Source/portable/MemMang/heap_4.o
 .bss.pxEnd     0x200002ec        0x4 ./FreeRTOS Source/portable/MemMang/heap_4.o
 .bss.xStart    0x200002f0        0x8 ./FreeRTOS Source/portable/MemMang/heap_4.o
 .bss.ucHeap    0x200002f8    0x12c00 ./FreeRTOS Source/portable/MemMang/heap_4.o
 .bss.ulMaxPRIGROUPValue
                0x20012ef8        0x4 ./FreeRTOS Source/portable/GCC/ARM_CM4F/port.o
 .bss.ucMaxSysCallPriority
                0x20012efc        0x1 ./FreeRTOS Source/portable/GCC/ARM_CM4F/port.o
 *fill*         0x20012efd        0x3 
 .bss.xQueueRegistry
                0x20012f00       0x40 ./FreeRTOS Source/queue.o
                0x20012f00                xQueueRegistry
 .bss.uxSchedulerSuspended
                0x20012f40        0x4 ./FreeRTOS Source/tasks.o
 .bss.xIdleTaskHandle
                0x20012f44        0x4 ./FreeRTOS Source/tasks.o
 .bss.xNextTaskUnblockTime
                0x20012f48        0x4 ./FreeRTOS Source/tasks.o
 .bss.uxTaskNumber
                0x20012f4c        0x4 ./FreeRTOS Source/tasks.o
 .bss.xNumOfOverflows
                0x20012f50        0x4 ./FreeRTOS Source/tasks.o
 .bss.xYieldPending
                0x20012f54        0x4 ./FreeRTOS Source/tasks.o
 .bss.uxPendedTicks
                0x20012f58        0x4 ./FreeRTOS Source/tasks.o
 .bss.xSchedulerRunning
                0x20012f5c        0x4 ./FreeRTOS Source/tasks.o
 .bss.uxTopReadyPriority
                0x20012f60        0x4 ./FreeRTOS Source/tasks.o
 .bss.xTickCount
                0x20012f64        0x4 ./FreeRTOS Source/tasks.o
 .bss.uxCurrentNumberOfTasks
                0x20012f68        0x4 ./FreeRTOS Source/tasks.o
 .bss.xSuspendedTaskList
                0x20012f6c       0x14 ./FreeRTOS Source/tasks.o
 .bss.uxDeletedTasksWaitingCleanUp
                0x20012f80        0x4 ./FreeRTOS Source/tasks.o
 .bss.xTasksWaitingTermination
                0x20012f84       0x14 ./FreeRTOS Source/tasks.o
 .bss.xPendingReadyList
                0x20012f98       0x14 ./FreeRTOS Source/tasks.o
 .bss.pxOverflowDelayedTaskList
                0x20012fac        0x4 ./FreeRTOS Source/tasks.o
 .bss.pxDelayedTaskList
                0x20012fb0        0x4 ./FreeRTOS Source/tasks.o
 .bss.xDelayedTaskList2
                0x20012fb4       0x14 ./FreeRTOS Source/tasks.o
 .bss.xDelayedTaskList1
                0x20012fc8       0x14 ./FreeRTOS Source/tasks.o
 .bss.pxReadyTasksLists
                0x20012fdc       0x64 ./FreeRTOS Source/tasks.o
 .bss.pxCurrentTCB
                0x20013040        0x4 ./FreeRTOS Source/tasks.o
                0x20013040                pxCurrentTCB
 .bss.xLastTime.0
                0x20013044        0x4 ./FreeRTOS Source/timers.o
 .bss.xTimerTaskHandle
                0x20013048        0x4 ./FreeRTOS Source/timers.o
 .bss.xTimerQueue
                0x2001304c        0x4 ./FreeRTOS Source/timers.o
 .bss.pxOverflowTimerList
                0x20013050        0x4 ./FreeRTOS Source/timers.o
 .bss.pxCurrentTimerList
                0x20013054        0x4 ./FreeRTOS Source/timers.o
 .bss.xActiveTimerList2
                0x20013058       0x14 ./FreeRTOS Source/timers.o
 .bss.xActiveTimerList1
                0x2001306c       0x14 ./FreeRTOS Source/timers.o
 .bss.__sf      0x20013080      0x138 C:/Users/ESLAM/AppData/Roaming/xPacks/@xpack-dev-tools/arm-none-eabi-gcc/13.2.1-1.1.1/.content/bin/../lib/gcc/arm-none-eabi/13.2.1/../../../../arm-none-eabi/lib/thumb/v7e-m+fp/softfp\libg_nano.a(libc_a-findfp.o)
                0x20013080                __sf
 .bss.__stdio_exit_handler
                0x200131b8        0x4 C:/Users/ESLAM/AppData/Roaming/xPacks/@xpack-dev-tools/arm-none-eabi-gcc/13.2.1-1.1.1/.content/bin/../lib/gcc/arm-none-eabi/13.2.1/../../../../arm-none-eabi/lib/thumb/v7e-m+fp/softfp\libg_nano.a(libc_a-findfp.o)
                0x200131b8                __stdio_exit_handler
 .bss.__lock___malloc_recursive_mutex
                0x200131bc        0x1 C:/Users/ESLAM/AppData/Roaming/xPacks/@xpack-dev-tools/arm-none-eabi-gcc/13.2.1-1.1.1/.content/bin/../lib/gcc/arm-none-eabi/13.2.1/../../../../arm-none-eabi/lib/thumb/v7e-m+fp/softfp\libg_nano.a(libc_a-lock.o)
                0x200131bc                __lock___malloc_recursive_mutex
 *fill*         0x200131bd        0x3 
 .bss.__malloc_sbrk_start
                0x200131c0        0x4 C:/Users/ESLAM/AppData/Roaming/xPacks/@xpack-dev-tools/arm-none-eabi-gcc/13.2.1-1.1.1/.content/bin/../lib/gcc/arm-none-eabi/13.2.1/../../../../arm-none-eabi/lib/thumb/v7e-m+fp/softfp\libg_nano.a(libc_a-mallocr.o)
                0x200131c0                __malloc_sbrk_start
 .bss.__malloc_free_list
                0x200131c4        0x4 C:/Users/ESLAM/AppData/Roaming/xPacks/@xpack-dev-tools/arm-none-eabi-gcc/13.2.1-1.1.1/.content/bin/../lib/gcc/arm-none-eabi/13.2.1/../../../../arm-none-eabi/lib/thumb/v7e-m+fp/softfp\libg_nano.a(libc_a-mallocr.o)
                0x200131c4                __malloc_free_list
 *(COMMON)
 *(.bss_end .bss_end.*)
 .bss_end       0x200131c8        0x4 ./system/src/newlib/startup.o
                0x200131cc                        . = ALIGN (0x4)
                0x200131cc                        __bss_end__ = .
                0x200131cc                        _ebss = .

.noinit_CCMRAM
 *(.noinit.CCMRAM .noinit.CCMRAM.*)

.noinit         0x200131cc        0x0
                0x200131cc                        _noinit = .
 *(.noinit .noinit.*)
                0x200131cc                        . = ALIGN (0x4)
                0x200131cc                        _end_noinit = .
                [!provide]                        PROVIDE (end = _end_noinit)
                [!provide]                        PROVIDE (_end = _end_noinit)
                [!provide]                        PROVIDE (__end = _end_noinit)
                [!provide]                        PROVIDE (__end__ = _end_noinit)

._check_stack   0x200131cc      0x100
                0x200132cc                        . = (. + _Minimum_Stack_Size)
 *fill*         0x200131cc      0x100 

.b1text
 *(.b1text)
 *(.b1rodata)
 *(.b1rodata.*)

.eb0text
 *(.eb0text)
 *(.eb0rodata)
 *(.eb0rodata.*)

.eb1text
 *(.eb1text)
 *(.eb1rodata)
 *(.eb1rodata.*)

.eb2text
 *(.eb2text)
 *(.eb2rodata)
 *(.eb2rodata.*)

.eb3text
 *(.eb3text)
 *(.eb3rodata)
 *(.eb3rodata.*)

.stab
 *(.stab)

.stabstr
 *(.stabstr)

.stab.excl
 *(.stab.excl)

.stab.exclstr
 *(.stab.exclstr)

.stab.index
 *(.stab.index)

.stab.indexstr
 *(.stab.indexstr)

.comment        0x00000000       0x39
 *(.comment)
 .comment       0x00000000       0x39 ./system/src/stm32f4-hal/stm32f4xx_hal.o
                                 0x3a (size before relaxing)
 .comment       0x00000039       0x3a ./system/src/stm32f4-hal/stm32f4xx_hal_cortex.o
 .comment       0x00000039       0x3a ./system/src/stm32f4-hal/stm32f4xx_hal_rcc.o
 .comment       0x00000039       0x3a ./system/src/newlib/assert.o
 .comment       0x00000039       0x3a ./system/src/newlib/exit.o
 .comment       0x00000039       0x3a ./system/src/newlib/sbrk.o
 .comment       0x00000039       0x3a ./system/src/newlib/startup.o
 .comment       0x00000039       0x3a ./system/src/newlib/syscalls.o
 .comment       0x00000039       0x3a ./system/src/diag/trace-impl.o
 .comment       0x00000039       0x3a ./system/src/diag/trace.o
 .comment       0x00000039       0x3a ./system/src/cortexm/exception-handlers.o
 .comment       0x00000039       0x3a ./system/src/cortexm/initialize-hardware.o
 .comment       0x00000039       0x3a ./system/src/cmsis/system_stm32f4xx.o
 .comment       0x00000039       0x3a ./system/src/cmsis/vectors_stm32f407xx.o
 .comment       0x00000039       0x3a ./src/initialize-hardware.o
 .comment       0x00000039       0x3a ./src/main.o
 .comment       0x00000039       0x3a ./src/stm32f4xx_hal_msp.o
 .comment       0x00000039       0x3a ./FreeRTOS Source/portable/MemMang/heap_4.o
 .comment       0x00000039       0x3a ./FreeRTOS Source/portable/GCC/ARM_CM4F/port.o
 .comment       0x00000039       0x3a ./FreeRTOS Source/list.o
 .comment       0x00000039       0x3a ./FreeRTOS Source/queue.o
 .comment       0x00000039       0x3a ./FreeRTOS Source/tasks.o
 .comment       0x00000039       0x3a ./FreeRTOS Source/timers.o
 .comment       0x00000039       0x3a C:/Users/ESLAM/AppData/Roaming/xPacks/@xpack-dev-tools/arm-none-eabi-gcc/13.2.1-1.1.1/.content/bin/../lib/gcc/arm-none-eabi/13.2.1/thumb/v7e-m+fp/softfp\libgcc.a(_udivmoddi4.o)
 .comment       0x00000039       0x3a C:/Users/ESLAM/AppData/Roaming/xPacks/@xpack-dev-tools/arm-none-eabi-gcc/13.2.1-1.1.1/.content/bin/../lib/gcc/arm-none-eabi/13.2.1/../../../../arm-none-eabi/lib/thumb/v7e-m+fp/softfp\libg_nano.a(libc_a-exit.o)
 .comment       0x00000039       0x3a C:/Users/ESLAM/AppData/Roaming/xPacks/@xpack-dev-tools/arm-none-eabi-gcc/13.2.1-1.1.1/.content/bin/../lib/gcc/arm-none-eabi/13.2.1/../../../../arm-none-eabi/lib/thumb/v7e-m+fp/softfp\libg_nano.a(libc_a-rand.o)
 .comment       0x00000039       0x3a C:/Users/ESLAM/AppData/Roaming/xPacks/@xpack-dev-tools/arm-none-eabi-gcc/13.2.1-1.1.1/.content/bin/../lib/gcc/arm-none-eabi/13.2.1/../../../../arm-none-eabi/lib/thumb/v7e-m+fp/softfp\libg_nano.a(libc_a-ctype_.o)
 .comment       0x00000039       0x3a C:/Users/ESLAM/AppData/Roaming/xPacks/@xpack-dev-tools/arm-none-eabi-gcc/13.2.1-1.1.1/.content/bin/../lib/gcc/arm-none-eabi/13.2.1/../../../../arm-none-eabi/lib/thumb/v7e-m+fp/softfp\libg_nano.a(libc_a-findfp.o)
 .comment       0x00000039       0x3a C:/Users/ESLAM/AppData/Roaming/xPacks/@xpack-dev-tools/arm-none-eabi-gcc/13.2.1-1.1.1/.content/bin/../lib/gcc/arm-none-eabi/13.2.1/../../../../arm-none-eabi/lib/thumb/v7e-m+fp/softfp\libg_nano.a(libc_a-snprintf.o)
 .comment       0x00000039       0x3a C:/Users/ESLAM/AppData/Roaming/xPacks/@xpack-dev-tools/arm-none-eabi-gcc/13.2.1-1.1.1/.content/bin/../lib/gcc/arm-none-eabi/13.2.1/../../../../arm-none-eabi/lib/thumb/v7e-m+fp/softfp\libg_nano.a(libc_a-vsnprintf.o)
 .comment       0x00000039       0x3a C:/Users/ESLAM/AppData/Roaming/xPacks/@xpack-dev-tools/arm-none-eabi-gcc/13.2.1-1.1.1/.content/bin/../lib/gcc/arm-none-eabi/13.2.1/../../../../arm-none-eabi/lib/thumb/v7e-m+fp/softfp\libg_nano.a(libc_a-memset.o)
 .comment       0x00000039       0x3a C:/Users/ESLAM/AppData/Roaming/xPacks/@xpack-dev-tools/arm-none-eabi-gcc/13.2.1-1.1.1/.content/bin/../lib/gcc/arm-none-eabi/13.2.1/../../../../arm-none-eabi/lib/thumb/v7e-m+fp/softfp\libg_nano.a(libc_a-time.o)
 .comment       0x00000039       0x3a C:/Users/ESLAM/AppData/Roaming/xPacks/@xpack-dev-tools/arm-none-eabi-gcc/13.2.1-1.1.1/.content/bin/../lib/gcc/arm-none-eabi/13.2.1/../../../../arm-none-eabi/lib/thumb/v7e-m+fp/softfp\libg_nano.a(libc_a-impure.o)
 .comment       0x00000039       0x3a C:/Users/ESLAM/AppData/Roaming/xPacks/@xpack-dev-tools/arm-none-eabi-gcc/13.2.1-1.1.1/.content/bin/../lib/gcc/arm-none-eabi/13.2.1/../../../../arm-none-eabi/lib/thumb/v7e-m+fp/softfp\libg_nano.a(libc_a-gettimeofdayr.o)
 .comment       0x00000039       0x3a C:/Users/ESLAM/AppData/Roaming/xPacks/@xpack-dev-tools/arm-none-eabi-gcc/13.2.1-1.1.1/.content/bin/../lib/gcc/arm-none-eabi/13.2.1/../../../../arm-none-eabi/lib/thumb/v7e-m+fp/softfp\libg_nano.a(libc_a-errno.o)
 .comment       0x00000039       0x3a C:/Users/ESLAM/AppData/Roaming/xPacks/@xpack-dev-tools/arm-none-eabi-gcc/13.2.1-1.1.1/.content/bin/../lib/gcc/arm-none-eabi/13.2.1/../../../../arm-none-eabi/lib/thumb/v7e-m+fp/softfp\libg_nano.a(libc_a-lock.o)
 .comment       0x00000039       0x3a C:/Users/ESLAM/AppData/Roaming/xPacks/@xpack-dev-tools/arm-none-eabi-gcc/13.2.1-1.1.1/.content/bin/../lib/gcc/arm-none-eabi/13.2.1/../../../../arm-none-eabi/lib/thumb/v7e-m+fp/softfp\libg_nano.a(libc_a-memcpy-stub.o)
 .comment       0x00000039       0x3a C:/Users/ESLAM/AppData/Roaming/xPacks/@xpack-dev-tools/arm-none-eabi-gcc/13.2.1-1.1.1/.content/bin/../lib/gcc/arm-none-eabi/13.2.1/../../../../arm-none-eabi/lib/thumb/v7e-m+fp/softfp\libg_nano.a(libc_a-malloc.o)
 .comment       0x00000039       0x3a C:/Users/ESLAM/AppData/Roaming/xPacks/@xpack-dev-tools/arm-none-eabi-gcc/13.2.1-1.1.1/.content/bin/../lib/gcc/arm-none-eabi/13.2.1/../../../../arm-none-eabi/lib/thumb/v7e-m+fp/softfp\libg_nano.a(libc_a-mallocr.o)
 .comment       0x00000039       0x3a C:/Users/ESLAM/AppData/Roaming/xPacks/@xpack-dev-tools/arm-none-eabi-gcc/13.2.1-1.1.1/.content/bin/../lib/gcc/arm-none-eabi/13.2.1/../../../../arm-none-eabi/lib/thumb/v7e-m+fp/softfp\libg_nano.a(libc_a-mlock.o)
 .comment       0x00000039       0x3a C:/Users/ESLAM/AppData/Roaming/xPacks/@xpack-dev-tools/arm-none-eabi-gcc/13.2.1-1.1.1/.content/bin/../lib/gcc/arm-none-eabi/13.2.1/../../../../arm-none-eabi/lib/thumb/v7e-m+fp/softfp\libg_nano.a(libc_a-nano-svfprintf.o)
 .comment       0x00000039       0x3a C:/Users/ESLAM/AppData/Roaming/xPacks/@xpack-dev-tools/arm-none-eabi-gcc/13.2.1-1.1.1/.content/bin/../lib/gcc/arm-none-eabi/13.2.1/../../../../arm-none-eabi/lib/thumb/v7e-m+fp/softfp\libg_nano.a(libc_a-nano-vfprintf_i.o)
 .comment       0x00000039       0x3a C:/Users/ESLAM/AppData/Roaming/xPacks/@xpack-dev-tools/arm-none-eabi-gcc/13.2.1-1.1.1/.content/bin/../lib/gcc/arm-none-eabi/13.2.1/../../../../arm-none-eabi/lib/thumb/v7e-m+fp/softfp\libg_nano.a(libc_a-memmove.o)
 .comment       0x00000039       0x3a C:/Users/ESLAM/AppData/Roaming/xPacks/@xpack-dev-tools/arm-none-eabi-gcc/13.2.1-1.1.1/.content/bin/../lib/gcc/arm-none-eabi/13.2.1/../../../../arm-none-eabi/lib/thumb/v7e-m+fp/softfp\libg_nano.a(libc_a-sbrkr.o)
 .comment       0x00000039       0x3a C:/Users/ESLAM/AppData/Roaming/xPacks/@xpack-dev-tools/arm-none-eabi-gcc/13.2.1-1.1.1/.content/bin/../lib/gcc/arm-none-eabi/13.2.1/../../../../arm-none-eabi/lib/thumb/v7e-m+fp/softfp\libg_nano.a(libc_a-freer.o)
 .comment       0x00000039       0x3a C:/Users/ESLAM/AppData/Roaming/xPacks/@xpack-dev-tools/arm-none-eabi-gcc/13.2.1-1.1.1/.content/bin/../lib/gcc/arm-none-eabi/13.2.1/../../../../arm-none-eabi/lib/thumb/v7e-m+fp/softfp\libg_nano.a(libc_a-reallocr.o)
 .comment       0x00000039       0x3a C:/Users/ESLAM/AppData/Roaming/xPacks/@xpack-dev-tools/arm-none-eabi-gcc/13.2.1-1.1.1/.content/bin/../lib/gcc/arm-none-eabi/13.2.1/../../../../arm-none-eabi/lib/thumb/v7e-m+fp/softfp\libg_nano.a(libc_a-msizer.o)

.ARM.attributes
                0x00000000       0x30
 .ARM.attributes
                0x00000000       0x32 ./system/src/stm32f4-hal/stm32f4xx_hal.o
 .ARM.attributes
                0x00000032       0x32 ./system/src/stm32f4-hal/stm32f4xx_hal_cortex.o
 .ARM.attributes
                0x00000064       0x32 ./system/src/stm32f4-hal/stm32f4xx_hal_rcc.o
 .ARM.attributes
                0x00000096       0x32 ./system/src/newlib/assert.o
 .ARM.attributes
                0x000000c8       0x32 ./system/src/newlib/exit.o
 .ARM.attributes
                0x000000fa       0x32 ./system/src/newlib/sbrk.o
 .ARM.attributes
                0x0000012c       0x32 ./system/src/newlib/startup.o
 .ARM.attributes
                0x0000015e       0x32 ./system/src/newlib/syscalls.o
 .ARM.attributes
                0x00000190       0x32 ./system/src/diag/trace-impl.o
 .ARM.attributes
                0x000001c2       0x32 ./system/src/diag/trace.o
 .ARM.attributes
                0x000001f4       0x32 ./system/src/cortexm/exception-handlers.o
 .ARM.attributes
                0x00000226       0x32 ./system/src/cortexm/initialize-hardware.o
 .ARM.attributes
                0x00000258       0x32 ./system/src/cmsis/system_stm32f4xx.o
 .ARM.attributes
                0x0000028a       0x32 ./system/src/cmsis/vectors_stm32f407xx.o
 .ARM.attributes
                0x000002bc       0x32 ./src/initialize-hardware.o
 .ARM.attributes
                0x000002ee       0x32 ./src/main.o
 .ARM.attributes
                0x00000320       0x32 ./src/stm32f4xx_hal_msp.o
 .ARM.attributes
                0x00000352       0x32 ./FreeRTOS Source/portable/MemMang/heap_4.o
 .ARM.attributes
                0x00000384       0x32 ./FreeRTOS Source/portable/GCC/ARM_CM4F/port.o
 .ARM.attributes
                0x000003b6       0x32 ./FreeRTOS Source/list.o
 .ARM.attributes
                0x000003e8       0x32 ./FreeRTOS Source/queue.o
 .ARM.attributes
                0x0000041a       0x32 ./FreeRTOS Source/tasks.o
 .ARM.attributes
                0x0000044c       0x32 ./FreeRTOS Source/timers.o
 .ARM.attributes
                0x0000047e       0x22 C:/Users/ESLAM/AppData/Roaming/xPacks/@xpack-dev-tools/arm-none-eabi-gcc/13.2.1-1.1.1/.content/bin/../lib/gcc/arm-none-eabi/13.2.1/thumb/v7e-m+fp/softfp\libgcc.a(_aeabi_uldivmod.o)
 .ARM.attributes
                0x000004a0       0x32 C:/Users/ESLAM/AppData/Roaming/xPacks/@xpack-dev-tools/arm-none-eabi-gcc/13.2.1-1.1.1/.content/bin/../lib/gcc/arm-none-eabi/13.2.1/thumb/v7e-m+fp/softfp\libgcc.a(_udivmoddi4.o)
 .ARM.attributes
                0x000004d2       0x22 C:/Users/ESLAM/AppData/Roaming/xPacks/@xpack-dev-tools/arm-none-eabi-gcc/13.2.1-1.1.1/.content/bin/../lib/gcc/arm-none-eabi/13.2.1/thumb/v7e-m+fp/softfp\libgcc.a(_dvmd_tls.o)
 .ARM.attributes
                0x000004f4       0x32 C:/Users/ESLAM/AppData/Roaming/xPacks/@xpack-dev-tools/arm-none-eabi-gcc/13.2.1-1.1.1/.content/bin/../lib/gcc/arm-none-eabi/13.2.1/../../../../arm-none-eabi/lib/thumb/v7e-m+fp/softfp\libg_nano.a(libc_a-exit.o)
 .ARM.attributes
                0x00000526       0x32 C:/Users/ESLAM/AppData/Roaming/xPacks/@xpack-dev-tools/arm-none-eabi-gcc/13.2.1-1.1.1/.content/bin/../lib/gcc/arm-none-eabi/13.2.1/../../../../arm-none-eabi/lib/thumb/v7e-m+fp/softfp\libg_nano.a(libc_a-rand.o)
 .ARM.attributes
                0x00000558       0x32 C:/Users/ESLAM/AppData/Roaming/xPacks/@xpack-dev-tools/arm-none-eabi-gcc/13.2.1-1.1.1/.content/bin/../lib/gcc/arm-none-eabi/13.2.1/../../../../arm-none-eabi/lib/thumb/v7e-m+fp/softfp\libg_nano.a(libc_a-ctype_.o)
 .ARM.attributes
                0x0000058a       0x32 C:/Users/ESLAM/AppData/Roaming/xPacks/@xpack-dev-tools/arm-none-eabi-gcc/13.2.1-1.1.1/.content/bin/../lib/gcc/arm-none-eabi/13.2.1/../../../../arm-none-eabi/lib/thumb/v7e-m+fp/softfp\libg_nano.a(libc_a-findfp.o)
 .ARM.attributes
                0x000005bc       0x32 C:/Users/ESLAM/AppData/Roaming/xPacks/@xpack-dev-tools/arm-none-eabi-gcc/13.2.1-1.1.1/.content/bin/../lib/gcc/arm-none-eabi/13.2.1/../../../../arm-none-eabi/lib/thumb/v7e-m+fp/softfp\libg_nano.a(libc_a-snprintf.o)
 .ARM.attributes
                0x000005ee       0x32 C:/Users/ESLAM/AppData/Roaming/xPacks/@xpack-dev-tools/arm-none-eabi-gcc/13.2.1-1.1.1/.content/bin/../lib/gcc/arm-none-eabi/13.2.1/../../../../arm-none-eabi/lib/thumb/v7e-m+fp/softfp\libg_nano.a(libc_a-vsnprintf.o)
 .ARM.attributes
                0x00000620       0x32 C:/Users/ESLAM/AppData/Roaming/xPacks/@xpack-dev-tools/arm-none-eabi-gcc/13.2.1-1.1.1/.content/bin/../lib/gcc/arm-none-eabi/13.2.1/../../../../arm-none-eabi/lib/thumb/v7e-m+fp/softfp\libg_nano.a(libc_a-memset.o)
 .ARM.attributes
                0x00000652       0x32 C:/Users/ESLAM/AppData/Roaming/xPacks/@xpack-dev-tools/arm-none-eabi-gcc/13.2.1-1.1.1/.content/bin/../lib/gcc/arm-none-eabi/13.2.1/../../../../arm-none-eabi/lib/thumb/v7e-m+fp/softfp\libg_nano.a(libc_a-time.o)
 .ARM.attributes
                0x00000684       0x32 C:/Users/ESLAM/AppData/Roaming/xPacks/@xpack-dev-tools/arm-none-eabi-gcc/13.2.1-1.1.1/.content/bin/../lib/gcc/arm-none-eabi/13.2.1/../../../../arm-none-eabi/lib/thumb/v7e-m+fp/softfp\libg_nano.a(libc_a-impure.o)
 .ARM.attributes
                0x000006b6       0x32 C:/Users/ESLAM/AppData/Roaming/xPacks/@xpack-dev-tools/arm-none-eabi-gcc/13.2.1-1.1.1/.content/bin/../lib/gcc/arm-none-eabi/13.2.1/../../../../arm-none-eabi/lib/thumb/v7e-m+fp/softfp\libg_nano.a(libc_a-gettimeofdayr.o)
 .ARM.attributes
                0x000006e8       0x32 C:/Users/ESLAM/AppData/Roaming/xPacks/@xpack-dev-tools/arm-none-eabi-gcc/13.2.1-1.1.1/.content/bin/../lib/gcc/arm-none-eabi/13.2.1/../../../../arm-none-eabi/lib/thumb/v7e-m+fp/softfp\libg_nano.a(libc_a-errno.o)
 .ARM.attributes
                0x0000071a       0x32 C:/Users/ESLAM/AppData/Roaming/xPacks/@xpack-dev-tools/arm-none-eabi-gcc/13.2.1-1.1.1/.content/bin/../lib/gcc/arm-none-eabi/13.2.1/../../../../arm-none-eabi/lib/thumb/v7e-m+fp/softfp\libg_nano.a(libc_a-lock.o)
 .ARM.attributes
                0x0000074c       0x20 C:/Users/ESLAM/AppData/Roaming/xPacks/@xpack-dev-tools/arm-none-eabi-gcc/13.2.1-1.1.1/.content/bin/../lib/gcc/arm-none-eabi/13.2.1/../../../../arm-none-eabi/lib/thumb/v7e-m+fp/softfp\libg_nano.a(libc_a-strcmp.o)
 .ARM.attributes
                0x0000076c       0x32 C:/Users/ESLAM/AppData/Roaming/xPacks/@xpack-dev-tools/arm-none-eabi-gcc/13.2.1-1.1.1/.content/bin/../lib/gcc/arm-none-eabi/13.2.1/../../../../arm-none-eabi/lib/thumb/v7e-m+fp/softfp\libg_nano.a(libc_a-memcpy-stub.o)
 .ARM.attributes
                0x0000079e       0x17 C:/Users/ESLAM/AppData/Roaming/xPacks/@xpack-dev-tools/arm-none-eabi-gcc/13.2.1-1.1.1/.content/bin/../lib/gcc/arm-none-eabi/13.2.1/../../../../arm-none-eabi/lib/thumb/v7e-m+fp/softfp\libg_nano.a(libc_a-strlen.o)
 .ARM.attributes
                0x000007b5       0x32 C:/Users/ESLAM/AppData/Roaming/xPacks/@xpack-dev-tools/arm-none-eabi-gcc/13.2.1-1.1.1/.content/bin/../lib/gcc/arm-none-eabi/13.2.1/../../../../arm-none-eabi/lib/thumb/v7e-m+fp/softfp\libg_nano.a(libc_a-malloc.o)
 .ARM.attributes
                0x000007e7       0x32 C:/Users/ESLAM/AppData/Roaming/xPacks/@xpack-dev-tools/arm-none-eabi-gcc/13.2.1-1.1.1/.content/bin/../lib/gcc/arm-none-eabi/13.2.1/../../../../arm-none-eabi/lib/thumb/v7e-m+fp/softfp\libg_nano.a(libc_a-mallocr.o)
 .ARM.attributes
                0x00000819       0x32 C:/Users/ESLAM/AppData/Roaming/xPacks/@xpack-dev-tools/arm-none-eabi-gcc/13.2.1-1.1.1/.content/bin/../lib/gcc/arm-none-eabi/13.2.1/../../../../arm-none-eabi/lib/thumb/v7e-m+fp/softfp\libg_nano.a(libc_a-mlock.o)
 .ARM.attributes
                0x0000084b       0x32 C:/Users/ESLAM/AppData/Roaming/xPacks/@xpack-dev-tools/arm-none-eabi-gcc/13.2.1-1.1.1/.content/bin/../lib/gcc/arm-none-eabi/13.2.1/../../../../arm-none-eabi/lib/thumb/v7e-m+fp/softfp\libg_nano.a(libc_a-nano-svfprintf.o)
 .ARM.attributes
                0x0000087d       0x32 C:/Users/ESLAM/AppData/Roaming/xPacks/@xpack-dev-tools/arm-none-eabi-gcc/13.2.1-1.1.1/.content/bin/../lib/gcc/arm-none-eabi/13.2.1/../../../../arm-none-eabi/lib/thumb/v7e-m+fp/softfp\libg_nano.a(libc_a-nano-vfprintf_i.o)
 .ARM.attributes
                0x000008af       0x32 C:/Users/ESLAM/AppData/Roaming/xPacks/@xpack-dev-tools/arm-none-eabi-gcc/13.2.1-1.1.1/.content/bin/../lib/gcc/arm-none-eabi/13.2.1/../../../../arm-none-eabi/lib/thumb/v7e-m+fp/softfp\libg_nano.a(libc_a-memmove.o)
 .ARM.attributes
                0x000008e1       0x32 C:/Users/ESLAM/AppData/Roaming/xPacks/@xpack-dev-tools/arm-none-eabi-gcc/13.2.1-1.1.1/.content/bin/../lib/gcc/arm-none-eabi/13.2.1/../../../../arm-none-eabi/lib/thumb/v7e-m+fp/softfp\libg_nano.a(libc_a-sbrkr.o)
 .ARM.attributes
                0x00000913       0x1c C:/Users/ESLAM/AppData/Roaming/xPacks/@xpack-dev-tools/arm-none-eabi-gcc/13.2.1-1.1.1/.content/bin/../lib/gcc/arm-none-eabi/13.2.1/../../../../arm-none-eabi/lib/thumb/v7e-m+fp/softfp\libg_nano.a(libc_a-memchr.o)
 .ARM.attributes
                0x0000092f       0x32 C:/Users/ESLAM/AppData/Roaming/xPacks/@xpack-dev-tools/arm-none-eabi-gcc/13.2.1-1.1.1/.content/bin/../lib/gcc/arm-none-eabi/13.2.1/../../../../arm-none-eabi/lib/thumb/v7e-m+fp/softfp\libg_nano.a(libc_a-freer.o)
 .ARM.attributes
                0x00000961       0x32 C:/Users/ESLAM/AppData/Roaming/xPacks/@xpack-dev-tools/arm-none-eabi-gcc/13.2.1-1.1.1/.content/bin/../lib/gcc/arm-none-eabi/13.2.1/../../../../arm-none-eabi/lib/thumb/v7e-m+fp/softfp\libg_nano.a(libc_a-reallocr.o)
 .ARM.attributes
                0x00000993       0x32 C:/Users/ESLAM/AppData/Roaming/xPacks/@xpack-dev-tools/arm-none-eabi-gcc/13.2.1-1.1.1/.content/bin/../lib/gcc/arm-none-eabi/13.2.1/../../../../arm-none-eabi/lib/thumb/v7e-m+fp/softfp\libg_nano.a(libc_a-msizer.o)

.debug
 *(.debug)

.line
 *(.line)

.debug_srcinfo
 *(.debug_srcinfo)

.debug_sfnames
 *(.debug_sfnames)

.debug_aranges  0x00000000      0xbb8
 *(.debug_aranges)
 .debug_aranges
                0x00000000       0xf0 ./system/src/stm32f4-hal/stm32f4xx_hal.o
 .debug_aranges
                0x000000f0       0xd8 ./system/src/stm32f4-hal/stm32f4xx_hal_cortex.o
 .debug_aranges
                0x000001c8       0x88 ./system/src/stm32f4-hal/stm32f4xx_hal_rcc.o
 .debug_aranges
                0x00000250       0x28 ./system/src/newlib/assert.o
 .debug_aranges
                0x00000278       0x28 ./system/src/newlib/exit.o
 .debug_aranges
                0x000002a0       0x20 ./system/src/newlib/sbrk.o
 .debug_aranges
                0x000002c0       0x40 ./system/src/newlib/startup.o
 .debug_aranges
                0x00000300      0x120 ./system/src/newlib/syscalls.o
 .debug_aranges
                0x00000420       0x30 ./system/src/diag/trace-impl.o
 .debug_aranges
                0x00000450       0x38 ./system/src/diag/trace.o
 .debug_aranges
                0x00000488       0x98 ./system/src/cortexm/exception-handlers.o
 .debug_aranges
                0x00000520       0x28 ./system/src/cortexm/initialize-hardware.o
 .debug_aranges
                0x00000548       0x28 ./system/src/cmsis/system_stm32f4xx.o
 .debug_aranges
                0x00000570       0x20 ./system/src/cmsis/vectors_stm32f407xx.o
 .debug_aranges
                0x00000590       0x30 ./src/initialize-hardware.o
 .debug_aranges
                0x000005c0       0xb0 ./src/main.o
 .debug_aranges
                0x00000670       0x38 ./src/stm32f4xx_hal_msp.o
 .debug_aranges
                0x000006a8       0x50 ./FreeRTOS Source/portable/MemMang/heap_4.o
 .debug_aranges
                0x000006f8       0x78 ./FreeRTOS Source/portable/GCC/ARM_CM4F/port.o
 .debug_aranges
                0x00000770       0x40 ./FreeRTOS Source/list.o
 .debug_aranges
                0x000007b0      0x118 ./FreeRTOS Source/queue.o
 .debug_aranges
                0x000008c8      0x1d8 ./FreeRTOS Source/tasks.o
 .debug_aranges
                0x00000aa0       0xb8 ./FreeRTOS Source/timers.o
 .debug_aranges
                0x00000b58       0x20 C:/Users/ESLAM/AppData/Roaming/xPacks/@xpack-dev-tools/arm-none-eabi-gcc/13.2.1-1.1.1/.content/bin/../lib/gcc/arm-none-eabi/13.2.1/thumb/v7e-m+fp/softfp\libgcc.a(_aeabi_uldivmod.o)
 .debug_aranges
                0x00000b78       0x20 C:/Users/ESLAM/AppData/Roaming/xPacks/@xpack-dev-tools/arm-none-eabi-gcc/13.2.1-1.1.1/.content/bin/../lib/gcc/arm-none-eabi/13.2.1/thumb/v7e-m+fp/softfp\libgcc.a(_udivmoddi4.o)
 .debug_aranges
                0x00000b98       0x20 C:/Users/ESLAM/AppData/Roaming/xPacks/@xpack-dev-tools/arm-none-eabi-gcc/13.2.1-1.1.1/.content/bin/../lib/gcc/arm-none-eabi/13.2.1/thumb/v7e-m+fp/softfp\libgcc.a(_dvmd_tls.o)

.debug_pubnames
 *(.debug_pubnames)

.debug_info     0x00000000     0xf446
 *(.debug_info .gnu.linkonce.wi.*)
 .debug_info    0x00000000      0xa42 ./system/src/stm32f4-hal/stm32f4xx_hal.o
 .debug_info    0x00000a42     0x1220 ./system/src/stm32f4-hal/stm32f4xx_hal_cortex.o
 .debug_info    0x00001c62      0xd1e ./system/src/stm32f4-hal/stm32f4xx_hal_rcc.o
 .debug_info    0x00002980      0x1f4 ./system/src/newlib/assert.o
 .debug_info    0x00002b74      0x104 ./system/src/newlib/exit.o
 .debug_info    0x00002c78      0x10f ./system/src/newlib/sbrk.o
 .debug_info    0x00002d87      0x55b ./system/src/newlib/startup.o
 .debug_info    0x000032e2     0x20f1 ./system/src/newlib/syscalls.o
 .debug_info    0x000053d3      0x325 ./system/src/diag/trace-impl.o
 .debug_info    0x000056f8      0x341 ./system/src/diag/trace.o
 .debug_info    0x00005a39      0x9fa ./system/src/cortexm/exception-handlers.o
 .debug_info    0x00006433      0x292 ./system/src/cortexm/initialize-hardware.o
 .debug_info    0x000066c5      0x52b ./system/src/cmsis/system_stm32f4xx.o
 .debug_info    0x00006bf0      0x10b ./system/src/cmsis/vectors_stm32f407xx.o
 .debug_info    0x00006cfb      0x5b4 ./src/initialize-hardware.o
 .debug_info    0x000072af     0x12b0 ./src/main.o
 .debug_info    0x0000855f       0xb8 ./src/stm32f4xx_hal_msp.o
 .debug_info    0x00008617      0x497 ./FreeRTOS Source/portable/MemMang/heap_4.o
 .debug_info    0x00008aae      0x50e ./FreeRTOS Source/portable/GCC/ARM_CM4F/port.o
 .debug_info    0x00008fbc      0x2b9 ./FreeRTOS Source/list.o
 .debug_info    0x00009275     0x1cb5 ./FreeRTOS Source/queue.o
 .debug_info    0x0000af2a     0x2b4d ./FreeRTOS Source/tasks.o
 .debug_info    0x0000da77     0x126c ./FreeRTOS Source/timers.o
 .debug_info    0x0000ece3       0x24 C:/Users/ESLAM/AppData/Roaming/xPacks/@xpack-dev-tools/arm-none-eabi-gcc/13.2.1-1.1.1/.content/bin/../lib/gcc/arm-none-eabi/13.2.1/thumb/v7e-m+fp/softfp\libgcc.a(_aeabi_uldivmod.o)
 .debug_info    0x0000ed07      0x703 C:/Users/ESLAM/AppData/Roaming/xPacks/@xpack-dev-tools/arm-none-eabi-gcc/13.2.1-1.1.1/.content/bin/../lib/gcc/arm-none-eabi/13.2.1/thumb/v7e-m+fp/softfp\libgcc.a(_udivmoddi4.o)
 .debug_info    0x0000f40a       0x3c C:/Users/ESLAM/AppData/Roaming/xPacks/@xpack-dev-tools/arm-none-eabi-gcc/13.2.1-1.1.1/.content/bin/../lib/gcc/arm-none-eabi/13.2.1/thumb/v7e-m+fp/softfp\libgcc.a(_dvmd_tls.o)

.debug_abbrev   0x00000000     0x3219
 *(.debug_abbrev)
 .debug_abbrev  0x00000000      0x248 ./system/src/stm32f4-hal/stm32f4xx_hal.o
 .debug_abbrev  0x00000248      0x400 ./system/src/stm32f4-hal/stm32f4xx_hal_cortex.o
 .debug_abbrev  0x00000648      0x2dd ./system/src/stm32f4-hal/stm32f4xx_hal_rcc.o
 .debug_abbrev  0x00000925       0xf1 ./system/src/newlib/assert.o
 .debug_abbrev  0x00000a16       0xc5 ./system/src/newlib/exit.o
 .debug_abbrev  0x00000adb       0xcc ./system/src/newlib/sbrk.o
 .debug_abbrev  0x00000ba7      0x25a ./system/src/newlib/startup.o
 .debug_abbrev  0x00000e01      0x493 ./system/src/newlib/syscalls.o
 .debug_abbrev  0x00001294      0x1e6 ./system/src/diag/trace-impl.o
 .debug_abbrev  0x0000147a      0x17d ./system/src/diag/trace.o
 .debug_abbrev  0x000015f7      0x2c4 ./system/src/cortexm/exception-handlers.o
 .debug_abbrev  0x000018bb      0x104 ./system/src/cortexm/initialize-hardware.o
 .debug_abbrev  0x000019bf      0x120 ./system/src/cmsis/system_stm32f4xx.o
 .debug_abbrev  0x00001adf       0xb8 ./system/src/cmsis/vectors_stm32f407xx.o
 .debug_abbrev  0x00001b97      0x216 ./src/initialize-hardware.o
 .debug_abbrev  0x00001dad      0x2f9 ./src/main.o
 .debug_abbrev  0x000020a6       0x47 ./src/stm32f4xx_hal_msp.o
 .debug_abbrev  0x000020ed      0x258 ./FreeRTOS Source/portable/MemMang/heap_4.o
 .debug_abbrev  0x00002345      0x239 ./FreeRTOS Source/portable/GCC/ARM_CM4F/port.o
 .debug_abbrev  0x0000257e      0x105 ./FreeRTOS Source/list.o
 .debug_abbrev  0x00002683      0x35f ./FreeRTOS Source/queue.o
 .debug_abbrev  0x000029e2      0x3eb ./FreeRTOS Source/tasks.o
 .debug_abbrev  0x00002dcd      0x2a8 ./FreeRTOS Source/timers.o
 .debug_abbrev  0x00003075       0x14 C:/Users/ESLAM/AppData/Roaming/xPacks/@xpack-dev-tools/arm-none-eabi-gcc/13.2.1-1.1.1/.content/bin/../lib/gcc/arm-none-eabi/13.2.1/thumb/v7e-m+fp/softfp\libgcc.a(_aeabi_uldivmod.o)
 .debug_abbrev  0x00003089      0x16a C:/Users/ESLAM/AppData/Roaming/xPacks/@xpack-dev-tools/arm-none-eabi-gcc/13.2.1-1.1.1/.content/bin/../lib/gcc/arm-none-eabi/13.2.1/thumb/v7e-m+fp/softfp\libgcc.a(_udivmoddi4.o)
 .debug_abbrev  0x000031f3       0x26 C:/Users/ESLAM/AppData/Roaming/xPacks/@xpack-dev-tools/arm-none-eabi-gcc/13.2.1-1.1.1/.content/bin/../lib/gcc/arm-none-eabi/13.2.1/thumb/v7e-m+fp/softfp\libgcc.a(_dvmd_tls.o)

.debug_line     0x00000000    0x11be9
 *(.debug_line)
 .debug_line    0x00000000      0xda0 ./system/src/stm32f4-hal/stm32f4xx_hal.o
 .debug_line    0x00000da0     0x117a ./system/src/stm32f4-hal/stm32f4xx_hal_cortex.o
 .debug_line    0x00001f1a     0x14b9 ./system/src/stm32f4-hal/stm32f4xx_hal_rcc.o
 .debug_line    0x000033d3      0x45a ./system/src/newlib/assert.o
 .debug_line    0x0000382d      0x3fe ./system/src/newlib/exit.o
 .debug_line    0x00003c2b      0x3fb ./system/src/newlib/sbrk.o
 .debug_line    0x00004026      0x66e ./system/src/newlib/startup.o
 .debug_line    0x00004694     0x121c ./system/src/newlib/syscalls.o
 .debug_line    0x000058b0      0xc42 ./system/src/diag/trace-impl.o
 .debug_line    0x000064f2      0x4e2 ./system/src/diag/trace.o
 .debug_line    0x000069d4      0xf81 ./system/src/cortexm/exception-handlers.o
 .debug_line    0x00007955      0xa62 ./system/src/cortexm/initialize-hardware.o
 .debug_line    0x000083b7      0xaf3 ./system/src/cmsis/system_stm32f4xx.o
 .debug_line    0x00008eaa      0x2ee ./system/src/cmsis/vectors_stm32f407xx.o
 .debug_line    0x00009198      0xc07 ./src/initialize-hardware.o
 .debug_line    0x00009d9f      0xb7b ./src/main.o
 .debug_line    0x0000a91a      0xa52 ./src/stm32f4xx_hal_msp.o
 .debug_line    0x0000b36c      0x918 ./FreeRTOS Source/portable/MemMang/heap_4.o
 .debug_line    0x0000bc84      0x80b ./FreeRTOS Source/portable/GCC/ARM_CM4F/port.o
 .debug_line    0x0000c48f      0x624 ./FreeRTOS Source/list.o
 .debug_line    0x0000cab3     0x1858 ./FreeRTOS Source/queue.o
 .debug_line    0x0000e30b     0x2599 ./FreeRTOS Source/tasks.o
 .debug_line    0x000108a4      0xcfa ./FreeRTOS Source/timers.o
 .debug_line    0x0001159e       0x4e C:/Users/ESLAM/AppData/Roaming/xPacks/@xpack-dev-tools/arm-none-eabi-gcc/13.2.1-1.1.1/.content/bin/../lib/gcc/arm-none-eabi/13.2.1/thumb/v7e-m+fp/softfp\libgcc.a(_aeabi_uldivmod.o)
 .debug_line    0x000115ec      0x5b3 C:/Users/ESLAM/AppData/Roaming/xPacks/@xpack-dev-tools/arm-none-eabi-gcc/13.2.1-1.1.1/.content/bin/../lib/gcc/arm-none-eabi/13.2.1/thumb/v7e-m+fp/softfp\libgcc.a(_udivmoddi4.o)
 .debug_line    0x00011b9f       0x4a C:/Users/ESLAM/AppData/Roaming/xPacks/@xpack-dev-tools/arm-none-eabi-gcc/13.2.1-1.1.1/.content/bin/../lib/gcc/arm-none-eabi/13.2.1/thumb/v7e-m+fp/softfp\libgcc.a(_dvmd_tls.o)

.debug_frame    0x00000000     0x1e18
 *(.debug_frame)
 .debug_frame   0x00000000      0x1f0 ./system/src/stm32f4-hal/stm32f4xx_hal.o
 .debug_frame   0x000001f0      0x214 ./system/src/stm32f4-hal/stm32f4xx_hal_cortex.o
 .debug_frame   0x00000404      0x16c ./system/src/stm32f4-hal/stm32f4xx_hal_rcc.o
 .debug_frame   0x00000570       0x40 ./system/src/newlib/assert.o
 .debug_frame   0x000005b0       0x38 ./system/src/newlib/exit.o
 .debug_frame   0x000005e8       0x28 ./system/src/newlib/sbrk.o
 .debug_frame   0x00000610       0x7c ./system/src/newlib/startup.o
 .debug_frame   0x0000068c      0x3d8 ./system/src/newlib/syscalls.o
 .debug_frame   0x00000a64       0x64 ./system/src/diag/trace-impl.o
 .debug_frame   0x00000ac8       0x94 ./system/src/diag/trace.o
 .debug_frame   0x00000b5c      0x174 ./system/src/cortexm/exception-handlers.o
 .debug_frame   0x00000cd0       0x40 ./system/src/cortexm/initialize-hardware.o
 .debug_frame   0x00000d10       0x30 ./system/src/cmsis/system_stm32f4xx.o
 .debug_frame   0x00000d40       0x20 ./system/src/cmsis/vectors_stm32f407xx.o
 .debug_frame   0x00000d60       0x60 ./src/initialize-hardware.o
 .debug_frame   0x00000dc0      0x1f8 ./src/main.o
 .debug_frame   0x00000fb8       0x50 ./src/stm32f4xx_hal_msp.o
 .debug_frame   0x00001008       0xb0 ./FreeRTOS Source/portable/MemMang/heap_4.o
 .debug_frame   0x000010b8       0xf0 ./FreeRTOS Source/portable/GCC/ARM_CM4F/port.o
 .debug_frame   0x000011a8       0x70 ./FreeRTOS Source/list.o
 .debug_frame   0x00001218      0x378 ./FreeRTOS Source/queue.o
 .debug_frame   0x00001590      0x5d4 ./FreeRTOS Source/tasks.o
 .debug_frame   0x00001b64      0x234 ./FreeRTOS Source/timers.o
 .debug_frame   0x00001d98       0x2c C:/Users/ESLAM/AppData/Roaming/xPacks/@xpack-dev-tools/arm-none-eabi-gcc/13.2.1-1.1.1/.content/bin/../lib/gcc/arm-none-eabi/13.2.1/thumb/v7e-m+fp/softfp\libgcc.a(_aeabi_uldivmod.o)
 .debug_frame   0x00001dc4       0x34 C:/Users/ESLAM/AppData/Roaming/xPacks/@xpack-dev-tools/arm-none-eabi-gcc/13.2.1-1.1.1/.content/bin/../lib/gcc/arm-none-eabi/13.2.1/thumb/v7e-m+fp/softfp\libgcc.a(_udivmoddi4.o)
 .debug_frame   0x00001df8       0x20 C:/Users/ESLAM/AppData/Roaming/xPacks/@xpack-dev-tools/arm-none-eabi-gcc/13.2.1-1.1.1/.content/bin/../lib/gcc/arm-none-eabi/13.2.1/../../../../arm-none-eabi/lib/thumb/v7e-m+fp/softfp\libg_nano.a(libc_a-strcmp.o)

.debug_str      0x00000000    0xffb74
 *(.debug_str)
 .debug_str     0x00000000    0xffb74 ./system/src/stm32f4-hal/stm32f4xx_hal.o
                              0xef11c (size before relaxing)
 .debug_str     0x000ffb74    0xeee51 ./system/src/stm32f4-hal/stm32f4xx_hal_cortex.o
 .debug_str     0x000ffb74    0xee9cb ./system/src/stm32f4-hal/stm32f4xx_hal_rcc.o
 .debug_str     0x000ffb74     0x879d ./system/src/newlib/assert.o
 .debug_str     0x000ffb74     0x7ccf ./system/src/newlib/exit.o
 .debug_str     0x000ffb74     0x70b2 ./system/src/newlib/sbrk.o
 .debug_str     0x000ffb74     0x6782 ./system/src/newlib/startup.o
 .debug_str     0x000ffb74     0xba5c ./system/src/newlib/syscalls.o
 .debug_str     0x000ffb74    0xf1a3b ./system/src/diag/trace-impl.o
 .debug_str     0x000ffb74     0x8443 ./system/src/diag/trace.o
 .debug_str     0x000ffb74    0xf2d89 ./system/src/cortexm/exception-handlers.o
 .debug_str     0x000ffb74    0xee4b1 ./system/src/cortexm/initialize-hardware.o
 .debug_str     0x000ffb74    0xee59f ./system/src/cmsis/system_stm32f4xx.o
 .debug_str     0x000ffb74     0x3eff ./system/src/cmsis/vectors_stm32f407xx.o
 .debug_str     0x000ffb74    0xf1a0d ./src/initialize-hardware.o
 .debug_str     0x000ffb74     0xe218 ./src/main.o
 .debug_str     0x000ffb74    0xee3dc ./src/stm32f4xx_hal_msp.o
 .debug_str     0x000ffb74     0xa637 ./FreeRTOS Source/portable/MemMang/heap_4.o
 .debug_str     0x000ffb74     0x7fe5 ./FreeRTOS Source/portable/GCC/ARM_CM4F/port.o
 .debug_str     0x000ffb74     0x9ecf ./FreeRTOS Source/list.o
 .debug_str     0x000ffb74     0xb665 ./FreeRTOS Source/queue.o
 .debug_str     0x000ffb74     0xc3d7 ./FreeRTOS Source/tasks.o
 .debug_str     0x000ffb74     0xba5e ./FreeRTOS Source/timers.o
 .debug_str     0x000ffb74      0x122 C:/Users/ESLAM/AppData/Roaming/xPacks/@xpack-dev-tools/arm-none-eabi-gcc/13.2.1-1.1.1/.content/bin/../lib/gcc/arm-none-eabi/13.2.1/thumb/v7e-m+fp/softfp\libgcc.a(_aeabi_uldivmod.o)
 .debug_str     0x000ffb74      0x73d C:/Users/ESLAM/AppData/Roaming/xPacks/@xpack-dev-tools/arm-none-eabi-gcc/13.2.1-1.1.1/.content/bin/../lib/gcc/arm-none-eabi/13.2.1/thumb/v7e-m+fp/softfp\libgcc.a(_udivmoddi4.o)
 .debug_str     0x000ffb74      0x142 C:/Users/ESLAM/AppData/Roaming/xPacks/@xpack-dev-tools/arm-none-eabi-gcc/13.2.1-1.1.1/.content/bin/../lib/gcc/arm-none-eabi/13.2.1/thumb/v7e-m+fp/softfp\libgcc.a(_dvmd_tls.o)

.debug_loc
 *(.debug_loc)

.debug_macinfo
 *(.debug_macinfo)

.debug_weaknames
 *(.debug_weaknames)

.debug_funcnames
 *(.debug_funcnames)

.debug_typenames
 *(.debug_typenames)

.debug_varnames
 *(.debug_varnames)
OUTPUT(Demo.elf elf32-littlearm)
LOAD linker stubs

.debug_loclists
                0x00000000     0x5ad3
 .debug_loclists
                0x00000000       0xc4 ./system/src/stm32f4-hal/stm32f4xx_hal.o
 .debug_loclists
                0x000000c4      0x643 ./system/src/stm32f4-hal/stm32f4xx_hal_cortex.o
 .debug_loclists
                0x00000707      0x3e6 ./system/src/stm32f4-hal/stm32f4xx_hal_rcc.o
 .debug_loclists
                0x00000aed       0xf9 ./system/src/newlib/assert.o
 .debug_loclists
                0x00000be6       0x17 ./system/src/newlib/exit.o
 .debug_loclists
                0x00000bfd       0x75 ./system/src/newlib/sbrk.o
 .debug_loclists
                0x00000c72      0x2c3 ./system/src/newlib/startup.o
 .debug_loclists
                0x00000f35      0xcb3 ./system/src/newlib/syscalls.o
 .debug_loclists
                0x00001be8      0x101 ./system/src/diag/trace-impl.o
 .debug_loclists
                0x00001ce9       0xc4 ./system/src/diag/trace.o
 .debug_loclists
                0x00001dad      0x36e ./system/src/cortexm/exception-handlers.o
 .debug_loclists
                0x0000211b       0xfa ./system/src/cmsis/system_stm32f4xx.o
 .debug_loclists
                0x00002215       0x54 ./src/initialize-hardware.o
 .debug_loclists
                0x00002269      0x1dd ./src/main.o